******************************************************************************
                  MSP430 Linker PC v4.2.1                      
******************************************************************************
>> Linked Thu Aug 20 19:22:50 2015

OUTPUT FILE NAME:   <Outpour_MSP430.out>
ENTRY POINT SYMBOL: "_c_int00"  address: 0000ee2c


MEMORY CONFIGURATION

         name            origin    length      used     unused   attr    fill
----------------------  --------  ---------  --------  --------  ----  --------
  SFR                   00000000   00000010  00000000  00000010  RWIX
  PERIPHERALS_8BIT      00000010   000000f0  00000000  000000f0  RWIX
  PERIPHERALS_16BIT     00000100   00000100  00000000  00000100  RWIX
  RAM                   00000200   000001b0  000001ac  00000004  RWIX
  STACK                 000003b0   00000050  00000050  00000000  RWIX
  INFOD                 00001000   00000040  00000000  00000040  RWIX
  INFOC                 00001040   00000040  00000000  00000040  RWIX
  INFOB                 00001080   00000040  00000000  00000040  RWIX
  INFOA                 000010c0   00000040  00000000  00000040  RWIX
  FLASH_WEEK1_DATA      0000c000   00000400  0000038e  00000072  RWIX
  FLASH_WEEK2_DATA      0000c400   00000400  0000038e  00000072  RWIX
  FLASH                 0000c800   000027ce  0000278c  00000042  RWIX
  APP_PROXY_VECTORS     0000efce   00000030  00000030  00000000  RWIX
  RESET                 0000effe   00000002  00000002  00000000  RWIX


SECTION ALLOCATION MAP

 output                                  attributes/
section   page    origin      length       input sections
--------  ----  ----------  ----------   ----------------
.init_array 
*          0    0000c800    00000000     UNINITIALIZED

.bss       0    00000200    00000142     UNINITIALIZED
                  00000200    00000078     (.common:wsData)
                  00000278    0000002c     (.common:stData)
                  000002a4    00000028     (.common:mcData)
                  000002cc    0000001e     (.common:msgData)
                  000002ea    0000001c     (.common:otaData)
                  00000306    00000010     (.common:dbgData)
                  00000316    00000010     (.common:mwBatchData)
                  00000326    0000000c     RTC_Calendar.obj (.bss)
                  00000332    00000008     (.common:mlData)
                  0000033a    00000008     (.common:sysExecData)

.TI.noinit 
*          0    00000342    00000006     UNINITIALIZED
                  00000342    00000006     time.obj (.TI.noinit)

.data      0    00000348    00000004     UNINITIALIZED
                  00000348    00000004     time.obj (.data)

.TI.persistent 
*          0    00000348    00000000     UNINITIALIZED

.commbufs 
*          0    00000350    00000060     UNINITIALIZED
                  00000350    00000030     modemCmd.obj (.commbufs)
                  00000380    00000030     modemMgr.obj (.commbufs)

.stack     0    000003b0    00000050     UNINITIALIZED
                  000003b0    00000002     rts430_eabi.lib : boot.obj (.stack)
                  000003b2    0000004e     --HOLE--

.week1Data 
*          0    0000c000    0000038e     UNINITIALIZED
                  0000c000    0000038e     storage.obj (.week1Data)

.week2Data 
*          0    0000c400    0000038e     UNINITIALIZED
                  0000c400    0000038e     storage.obj (.week2Data)

.text      0    0000c800    00002708     
                  0000c800    000002d0     RTC_Calendar.obj (.text)
                  0000cad0    00000226     modemCmd.obj (.text:modemCmd_write)
                  0000ccf6    00000210     sysExec.obj (.text:sysExec_exec)
                  0000cf06    000001d6     storage.obj (.text:storageMgr_exec)
                  0000d0dc    000001d0     msgOta.obj (.text:otaMsgMgr_processOtaMsg$6)
                  0000d2ac    00000198     waterSense.obj (.text:waterSense_takeReading$0)
                  0000d444    00000192     msgOta.obj (.text:otaMsgMgr_stateMachine$6)
                  0000d5d6    00000192     storage.obj (.text:recordLastDay$5)
                  0000d768    00000180     modemMgr.obj (.text:modemMgr_stateMachine$10)
                  0000d8e8    00000152     msgDataSm.obj (.text:dataMsgSm_stateMachine)
                  0000da3a    00000112     msgData.obj (.text:fassMsgMgr_exec)
                  0000db4c    00000108     storage.obj (.text:prepareDailyLog$5)
                  0000dc54    000000fa     storage.obj (.text:storageMgr_setStorageAlignmentTime)
                  0000dd4e    000000e8     CTS_HAL.obj (.text:TI_CTS_RO_PINOSC_TA0_WDTp_HAL)
                  0000de36    000000d6     modemLink.obj (.text:modemPowerUpStateMachine$11)
                  0000df0c    000000d2     waterSense.obj (.text:check_calibration$0)
                  0000dfde    000000cc     utils.obj (.text:gen_crc16_2buf)
                  0000e0aa    000000c0     storage.obj (.text:handle_red_flag$5)
                  0000e16a    000000bc     modemCmd.obj (.text:USCI0TX_ISR)
                  0000e226    000000a0     msgData.obj (.text:dataMsgMgr_exec)
                  0000e2c6    0000009e     waterSense.obj (.text:waterSense_exec)
                  0000e364    0000009a     time.obj (.text:getBinTime)
                  0000e3fe    00000094     utils.obj (.text:gen_crc16)
                  0000e492    00000092     modemCmd.obj (.text:modemCmdProcessRxMsg$12)
                  0000e524    00000080     main.obj (.text:main)
                  0000e5a4    00000080     modemCmd.obj (.text:modemCmd_exec)
                  0000e624    00000078     flash.obj (.text:msp430Flash_write_bytes)
                  0000e69c    00000072     msgOta.obj (.text:otaMsgMgr_processGmtClocksetPart2$6)
                  0000e70e    0000006e     msgData.obj (.text:dataMsgMgr_sendDailyLogs)
                  0000e77c    00000068     waterSense.obj (.text:readInternalTemperature$0)
                  0000e7e4    00000068     storage.obj (.text:storageMgr_getNextDailyLogToTransmit)
                  0000e84c    00000062     storage.obj (.text:storageMgr_prepareMsgHeader)
                  0000e8ae    0000005e     rts430_eabi.lib : copy_decompress_rle.obj (.text:__TI_decompress_rle_core)
                  0000e90c    0000005e                     : autoinit.obj (.text:_auto_init)
                  0000e96a    0000005c                     : lsr32.obj (.text:l_lsr_const)
                  0000e9c6    00000058     modemCmd.obj (.text:USCI0RX_ISR)
                  0000ea1e    00000058     msgData.obj (.text:dataMsgMgr_sendDataMsg)
                  0000ea76    00000058     flash.obj (.text:msp430Flash_erase_segment)
                  0000eace    0000004c     rts430_eabi.lib : lsr16.obj (.text)
                  0000eb1a    00000044     waterSense.obj (.text:waterSense_clearStats)
                  0000eb5e    00000040     modemCmd.obj (.text:modemCmdIsrRestart$12)
                  0000eb9e    0000003e     msgDebug.obj (.text:dbgMsgMgr_sendDebugMsg)
                  0000ebdc    0000003e     utils.obj (.text:isBcdMinSecValValid)
                  0000ec1a    0000003c     sysExec.obj (.text:sysExec_startRebootCountdown)
                  0000ec56    0000003a     msgDebug.obj (.text:dbgMsgMgr_stateMachine$7)
                  0000ec90    0000002c     time.obj (.text:ISR_Timer1_A0)
                  0000ecbc    0000002c     storage.obj (.text:prepareNextWeeklyLog$5)
                  0000ece8    0000002c     rts430_eabi.lib : asr16.obj (.text)
                  0000ed14    0000002c                     : lsl16.obj (.text)
                  0000ed40    0000002a     waterSense.obj (.text:initMaxArray$0)
                  0000ed6a    00000026     rts430_eabi.lib : mult32.obj (.text)
                  0000ed90    00000024     storage.obj (.text:getDailyLogAddr$5)
                  0000edb4    00000022     modemCmd.obj (.text:modemCmd_read)
                  0000edd6    00000020     storage.obj (.text:eraseWeeklyLog$5)
                  0000edf6    0000001c     modemLink.obj (.text:modemLink_restart)
                  0000ee12    0000001a     main.obj (.text:Dummy_Isr)
                  0000ee2c    0000001a     rts430_eabi.lib : boot.obj (.text:_c_int00_noexit)
                  0000ee46    0000001a     time.obj (.text:getAndDisableSysTimerInterrupt$2)
                  0000ee60    0000001a     msgOta.obj (.text:getAndDisableSysTimerInterrupt$6)
                  0000ee7a    00000014     rts430_eabi.lib : copy_zero_init.obj (.text:decompress:ZI:__TI_zero_init)
                  0000ee8e    00000014                     : mult16.obj (.text)
                  0000eea2    00000012                     : copy_decompress_none.obj (.text:decompress:none:__TI_decompress_none)
                  0000eeb4    00000012                     : memset.obj (.text:memset)
                  0000eec6    00000010                     : memcpy.obj (.text:memcpy)
                  0000eed6    00000010                     : epilog.obj (.text)
                  0000eee6    00000008     main.obj (.text:sysError)
                  0000eeee    00000008     CTS_HAL.obj (.text:watchdog_timer)
                  0000eef6    00000006     rts430_eabi.lib : copy_decompress_rle.obj (.text:decompress:rle24:__TI_decompress_rle24)
                  0000eefc    00000004                     : pre_init.obj (.text:_system_pre_init)
                  0000ef00    00000004                     : exit.obj (.text:abort)
                  0000ef04    00000004     storage.obj (.text)

.const     0    0000ef08    0000006a     
                  0000ef08    00000050     structure.obj (.const)
                  0000ef58    0000000e     waterSense.obj (.const:highMarkFlowRates)
                  0000ef66    0000000c     waterSense.obj (.const:thresholdTable)

.cinit     0    0000ef72    0000001a     
                  0000ef72    00000008     (.cinit..data.load) [load image]
                  0000ef7a    00000006     (__TI_handler_table)
                  0000ef80    00000004     (.cinit..bss.load) [load image, compression = zero_init]
                  0000ef84    00000008     (__TI_cinit_table)

.APP_PROXY_VECTORS 
*          0    0000efce    00000030     
                  0000efce    00000030     main.obj (.APP_PROXY_VECTORS:retain)

.reset     0    0000effe    00000002     
                  0000effe    00000002     rts430_eabi.lib : boot.obj (.reset)


LINKER GENERATED COPY TABLES

__TI_cinit_table @ 0000ef84 records: 2, size/record: 4, table size: 8
	.data: load addr=0000ef72, load size=00000008 bytes, run addr=00000348, run size=00000004 bytes, compression=copy
	.bss: load addr=0000ef80, load size=00000004 bytes, run addr=00000200, run size=00000142 bytes, compression=zero_init


LINKER GENERATED HANDLER TABLE

__TI_handler_table @ 0000ef7a records: 3, size/record: 2, table size: 6
	index: 0, handler: __TI_zero_init
	index: 1, handler: __TI_decompress_rle24
	index: 2, handler: __TI_decompress_none


GLOBAL SYMBOLS: SORTED ALPHABETICALLY BY Name 

address    name
--------   ----
0000004a   ADC10AE0
000001b0   ADC10CTL0
000001b2   ADC10CTL1
00000048   ADC10DTC0
00000049   ADC10DTC1
000001b4   ADC10MEM
000001bc   ADC10SA
00000057   BCSCTL1
00000058   BCSCTL2
00000053   BCSCTL3
0000ef00   C$$EXIT
00000059   CACTL1
0000005a   CACTL2
000010fb   CALBC1_12MHZ
000010f9   CALBC1_16MHZ
000010ff   CALBC1_1MHZ
000010fd   CALBC1_8MHZ
000010fa   CALDCO_12MHZ
000010f8   CALDCO_16MHZ
000010fe   CALDCO_1MHZ
000010fc   CALDCO_8MHZ
0000005b   CAPD
00000056   DCOCTL
0000ee12   Dummy_Isr
00000128   FCTL1
0000012a   FCTL2
0000012c   FCTL3
00000000   IE1
00000001   IE2
00000002   IFG1
00000003   IFG2
0000ec90   ISR_Timer1_A0
00000022   P1DIR
00000025   P1IE
00000024   P1IES
00000023   P1IFG
00000020   P1IN
00000021   P1OUT
00000027   P1REN
00000026   P1SEL
00000041   P1SEL2
0000002a   P2DIR
0000002d   P2IE
0000002c   P2IES
0000002b   P2IFG
00000028   P2IN
00000029   P2OUT
0000002f   P2REN
0000002e   P2SEL
00000042   P2SEL2
0000001a   P3DIR
00000018   P3IN
00000019   P3OUT
00000010   P3REN
0000001b   P3SEL
00000043   P3SEL2
0000efce   ProxyVectorTable
00000172   TA0CCR0
00000174   TA0CCR1
00000176   TA0CCR2
00000162   TA0CCTL0
00000164   TA0CCTL1
00000166   TA0CCTL2
00000160   TA0CTL
0000012e   TA0IV
00000170   TA0R
00000192   TA1CCR0
00000194   TA1CCR1
00000196   TA1CCR2
00000182   TA1CCTL0
00000184   TA1CCTL1
00000186   TA1CCTL2
00000180   TA1CTL
0000011e   TA1IV
00000190   TA1R
0000dd4e   TI_CTS_RO_PINOSC_TA0_WDTp_HAL
0000032e   TI_FebDays
0000032d   TI_PM
0000032b   TI_day
00000331   TI_dayLightSavings
00000330   TI_dayLightZone
0000032f   TI_dayOfWeek
0000032a   TI_hour
00000329   TI_minute
0000032c   TI_month
00000328   TI_second
00000326   TI_year
0000005d   UCA0ABCTL
00000062   UCA0BR0
00000063   UCA0BR1
00000060   UCA0CTL0
00000061   UCA0CTL1
0000005f   UCA0IRRCTL
0000005e   UCA0IRTCTL
00000064   UCA0MCTL
00000066   UCA0RXBUF
00000065   UCA0STAT
00000067   UCA0TXBUF
0000006a   UCB0BR0
0000006b   UCB0BR1
00000068   UCB0CTL0
00000069   UCB0CTL1
0000006c   UCB0I2CIE
00000118   UCB0I2COA
0000011a   UCB0I2CSA
0000006e   UCB0RXBUF
0000006d   UCB0STAT
0000006f   UCB0TXBUF
0000e9c6   USCI0RX_ISR
0000e16a   USCI0TX_ISR
00000120   WDTCTL
0000efff   _App_End
0000efce   _App_Proxy_Vector_Start
0000effe   _App_Reset_Vector
0000c000   _App_Start
0000fffe   __Boot_Reset
0000f000   __Boot_Start
0000ffe0   __Boot_VectorTable
0000ffff   __Flash_End
0000c000   __Flash_Start
00000400   __STACK_END
00000050   __STACK_SIZE
0000ef84   __TI_CINIT_Base
0000ef8c   __TI_CINIT_Limit
0000ef7a   __TI_Handler_Table_Base
0000ef80   __TI_Handler_Table_Limit
UNDEFED    __TI_INITARRAY_Base
UNDEFED    __TI_INITARRAY_Limit
00000001   __TI_args_main
0000eea2   __TI_decompress_none
0000eef6   __TI_decompress_rle24
00000001   __TI_exit
0000ee7a   __TI_zero_init
ffffffff   __binit__
ffffffff   __c_args__
0000eee2   __mspabi_func_epilog_1
0000eee0   __mspabi_func_epilog_2
0000eede   __mspabi_func_epilog_3
0000eedc   __mspabi_func_epilog_4
0000eeda   __mspabi_func_epilog_5
0000eed8   __mspabi_func_epilog_6
0000eed6   __mspabi_func_epilog_7
0000ee8e   __mspabi_mpyi
0000ed6a   __mspabi_mpyl
0000ed14   __mspabi_slli
0000ed3c   __mspabi_slli_1
0000ed2a   __mspabi_slli_10
0000ed28   __mspabi_slli_11
0000ed26   __mspabi_slli_12
0000ed24   __mspabi_slli_13
0000ed22   __mspabi_slli_14
0000ed20   __mspabi_slli_15
0000ed3a   __mspabi_slli_2
0000ed38   __mspabi_slli_3
0000ed36   __mspabi_slli_4
0000ed34   __mspabi_slli_5
0000ed32   __mspabi_slli_6
0000ed30   __mspabi_slli_7
0000ed2e   __mspabi_slli_8
0000ed2c   __mspabi_slli_9
0000ece8   __mspabi_srai
0000ed10   __mspabi_srai_1
0000ecfe   __mspabi_srai_10
0000ecfc   __mspabi_srai_11
0000ecfa   __mspabi_srai_12
0000ecf8   __mspabi_srai_13
0000ecf6   __mspabi_srai_14
0000ecf4   __mspabi_srai_15
0000ed0e   __mspabi_srai_2
0000ed0c   __mspabi_srai_3
0000ed0a   __mspabi_srai_4
0000ed08   __mspabi_srai_5
0000ed06   __mspabi_srai_6
0000ed04   __mspabi_srai_7
0000ed02   __mspabi_srai_8
0000ed00   __mspabi_srai_9
0000eace   __mspabi_srli
0000eb14   __mspabi_srli_1
0000eaf0   __mspabi_srli_10
0000eaec   __mspabi_srli_11
0000eae8   __mspabi_srli_12
0000eae4   __mspabi_srli_13
0000eae0   __mspabi_srli_14
0000eadc   __mspabi_srli_15
0000eb10   __mspabi_srli_2
0000eb0c   __mspabi_srli_3
0000eb08   __mspabi_srli_4
0000eb04   __mspabi_srli_5
0000eb00   __mspabi_srli_6
0000eafc   __mspabi_srli_7
0000eaf8   __mspabi_srli_8
0000eaf4   __mspabi_srli_9
0000e9be   __mspabi_srll_1
0000e988   __mspabi_srll_10
0000e982   __mspabi_srll_11
0000e97c   __mspabi_srll_12
0000e976   __mspabi_srll_13
0000e970   __mspabi_srll_14
0000e96a   __mspabi_srll_15
0000e9b8   __mspabi_srll_2
0000e9b2   __mspabi_srll_3
0000e9ac   __mspabi_srll_4
0000e9a6   __mspabi_srll_5
0000e9a0   __mspabi_srll_6
0000e99a   __mspabi_srll_7
0000e994   __mspabi_srll_8
0000e98e   __mspabi_srll_9
0000e90c   _auto_init
0000ee2c   _c_int00
0000ee2c   _c_int00_noexit
0000effe   _reset_vector
000003b0   _stack
0000eefc   _system_pre_init
0000ef00   abort
ffffffff   binit
0000e226   dataMsgMgr_exec
0000e70e   dataMsgMgr_sendDailyLogs
0000ea1e   dataMsgMgr_sendDataMsg
0000d8e8   dataMsgSm_stateMachine
00000306   dbgData
0000eb9e   dbgMsgMgr_sendDebugMsg
0000da3a   fassMsgMgr_exec
0000e3fe   gen_crc16
0000dfde   gen_crc16_2buf
0000c90c   get24Hour
0000e364   getBinTime
0000ef58   highMarkFlowRates
0000c87c   incrementDays
0000c842   incrementHours
0000c830   incrementMinutes
0000c8b2   incrementMonths
0000c81e   incrementSeconds
0000c8c4   incrementYears
0000ebdc   isBcdMinSecValValid
00000350   isrCommBuf
0000e524   main
000002a4   mcData
0000eec6   memcpy
0000eeb4   memset
00000332   mlData
0000e5a4   modemCmd_exec
0000edb4   modemCmd_read
0000cad0   modemCmd_write
0000edf6   modemLink_restart
000002cc   msgData
0000ea76   msp430Flash_erase_segment
0000e624   msp430Flash_write_bytes
00000316   mwBatchData
00000380   otaBuf
000002ea   otaData
0000ef1c   pad0
0000ef26   pad1
0000ef30   pad2
0000ef3a   pad3
0000ef44   pad4
0000ef4e   pad5
0000ef08   pad_sensors
0000ca0a   setDate
00000278   stData
0000cf06   storageMgr_exec
0000e7e4   storageMgr_getNextDailyLogToTransmit
0000e84c   storageMgr_prepareMsgHeader
0000dc54   storageMgr_setStorageAlignmentTime
0000eee6   sysError
0000033a   sysExecData
0000ccf6   sysExec_exec
0000ec1a   sysExec_startRebootCountdown
0000c8ca   testLeap
0000ef66   thresholdTable
0000eeee   watchdog_timer
0000eb1a   waterSense_clearStats
0000e2c6   waterSense_exec
0000c000   week1Log
0000c400   week2Log
00000200   wsData


GLOBAL SYMBOLS: SORTED BY Symbol Address 

address    name
--------   ----
00000000   IE1
00000001   IE2
00000001   __TI_args_main
00000001   __TI_exit
00000002   IFG1
00000003   IFG2
00000010   P3REN
00000018   P3IN
00000019   P3OUT
0000001a   P3DIR
0000001b   P3SEL
00000020   P1IN
00000021   P1OUT
00000022   P1DIR
00000023   P1IFG
00000024   P1IES
00000025   P1IE
00000026   P1SEL
00000027   P1REN
00000028   P2IN
00000029   P2OUT
0000002a   P2DIR
0000002b   P2IFG
0000002c   P2IES
0000002d   P2IE
0000002e   P2SEL
0000002f   P2REN
00000041   P1SEL2
00000042   P2SEL2
00000043   P3SEL2
00000048   ADC10DTC0
00000049   ADC10DTC1
0000004a   ADC10AE0
00000050   __STACK_SIZE
00000053   BCSCTL3
00000056   DCOCTL
00000057   BCSCTL1
00000058   BCSCTL2
00000059   CACTL1
0000005a   CACTL2
0000005b   CAPD
0000005d   UCA0ABCTL
0000005e   UCA0IRTCTL
0000005f   UCA0IRRCTL
00000060   UCA0CTL0
00000061   UCA0CTL1
00000062   UCA0BR0
00000063   UCA0BR1
00000064   UCA0MCTL
00000065   UCA0STAT
00000066   UCA0RXBUF
00000067   UCA0TXBUF
00000068   UCB0CTL0
00000069   UCB0CTL1
0000006a   UCB0BR0
0000006b   UCB0BR1
0000006c   UCB0I2CIE
0000006d   UCB0STAT
0000006e   UCB0RXBUF
0000006f   UCB0TXBUF
00000118   UCB0I2COA
0000011a   UCB0I2CSA
0000011e   TA1IV
00000120   WDTCTL
00000128   FCTL1
0000012a   FCTL2
0000012c   FCTL3
0000012e   TA0IV
00000160   TA0CTL
00000162   TA0CCTL0
00000164   TA0CCTL1
00000166   TA0CCTL2
00000170   TA0R
00000172   TA0CCR0
00000174   TA0CCR1
00000176   TA0CCR2
00000180   TA1CTL
00000182   TA1CCTL0
00000184   TA1CCTL1
00000186   TA1CCTL2
00000190   TA1R
00000192   TA1CCR0
00000194   TA1CCR1
00000196   TA1CCR2
000001b0   ADC10CTL0
000001b2   ADC10CTL1
000001b4   ADC10MEM
000001bc   ADC10SA
00000200   wsData
00000278   stData
000002a4   mcData
000002cc   msgData
000002ea   otaData
00000306   dbgData
00000316   mwBatchData
00000326   TI_year
00000328   TI_second
00000329   TI_minute
0000032a   TI_hour
0000032b   TI_day
0000032c   TI_month
0000032d   TI_PM
0000032e   TI_FebDays
0000032f   TI_dayOfWeek
00000330   TI_dayLightZone
00000331   TI_dayLightSavings
00000332   mlData
0000033a   sysExecData
00000350   isrCommBuf
00000380   otaBuf
000003b0   _stack
00000400   __STACK_END
000010f8   CALDCO_16MHZ
000010f9   CALBC1_16MHZ
000010fa   CALDCO_12MHZ
000010fb   CALBC1_12MHZ
000010fc   CALDCO_8MHZ
000010fd   CALBC1_8MHZ
000010fe   CALDCO_1MHZ
000010ff   CALBC1_1MHZ
0000c000   _App_Start
0000c000   __Flash_Start
0000c000   week1Log
0000c400   week2Log
0000c81e   incrementSeconds
0000c830   incrementMinutes
0000c842   incrementHours
0000c87c   incrementDays
0000c8b2   incrementMonths
0000c8c4   incrementYears
0000c8ca   testLeap
0000c90c   get24Hour
0000ca0a   setDate
0000cad0   modemCmd_write
0000ccf6   sysExec_exec
0000cf06   storageMgr_exec
0000d8e8   dataMsgSm_stateMachine
0000da3a   fassMsgMgr_exec
0000dc54   storageMgr_setStorageAlignmentTime
0000dd4e   TI_CTS_RO_PINOSC_TA0_WDTp_HAL
0000dfde   gen_crc16_2buf
0000e16a   USCI0TX_ISR
0000e226   dataMsgMgr_exec
0000e2c6   waterSense_exec
0000e364   getBinTime
0000e3fe   gen_crc16
0000e524   main
0000e5a4   modemCmd_exec
0000e624   msp430Flash_write_bytes
0000e70e   dataMsgMgr_sendDailyLogs
0000e7e4   storageMgr_getNextDailyLogToTransmit
0000e84c   storageMgr_prepareMsgHeader
0000e90c   _auto_init
0000e96a   __mspabi_srll_15
0000e970   __mspabi_srll_14
0000e976   __mspabi_srll_13
0000e97c   __mspabi_srll_12
0000e982   __mspabi_srll_11
0000e988   __mspabi_srll_10
0000e98e   __mspabi_srll_9
0000e994   __mspabi_srll_8
0000e99a   __mspabi_srll_7
0000e9a0   __mspabi_srll_6
0000e9a6   __mspabi_srll_5
0000e9ac   __mspabi_srll_4
0000e9b2   __mspabi_srll_3
0000e9b8   __mspabi_srll_2
0000e9be   __mspabi_srll_1
0000e9c6   USCI0RX_ISR
0000ea1e   dataMsgMgr_sendDataMsg
0000ea76   msp430Flash_erase_segment
0000eace   __mspabi_srli
0000eadc   __mspabi_srli_15
0000eae0   __mspabi_srli_14
0000eae4   __mspabi_srli_13
0000eae8   __mspabi_srli_12
0000eaec   __mspabi_srli_11
0000eaf0   __mspabi_srli_10
0000eaf4   __mspabi_srli_9
0000eaf8   __mspabi_srli_8
0000eafc   __mspabi_srli_7
0000eb00   __mspabi_srli_6
0000eb04   __mspabi_srli_5
0000eb08   __mspabi_srli_4
0000eb0c   __mspabi_srli_3
0000eb10   __mspabi_srli_2
0000eb14   __mspabi_srli_1
0000eb1a   waterSense_clearStats
0000eb9e   dbgMsgMgr_sendDebugMsg
0000ebdc   isBcdMinSecValValid
0000ec1a   sysExec_startRebootCountdown
0000ec90   ISR_Timer1_A0
0000ece8   __mspabi_srai
0000ecf4   __mspabi_srai_15
0000ecf6   __mspabi_srai_14
0000ecf8   __mspabi_srai_13
0000ecfa   __mspabi_srai_12
0000ecfc   __mspabi_srai_11
0000ecfe   __mspabi_srai_10
0000ed00   __mspabi_srai_9
0000ed02   __mspabi_srai_8
0000ed04   __mspabi_srai_7
0000ed06   __mspabi_srai_6
0000ed08   __mspabi_srai_5
0000ed0a   __mspabi_srai_4
0000ed0c   __mspabi_srai_3
0000ed0e   __mspabi_srai_2
0000ed10   __mspabi_srai_1
0000ed14   __mspabi_slli
0000ed20   __mspabi_slli_15
0000ed22   __mspabi_slli_14
0000ed24   __mspabi_slli_13
0000ed26   __mspabi_slli_12
0000ed28   __mspabi_slli_11
0000ed2a   __mspabi_slli_10
0000ed2c   __mspabi_slli_9
0000ed2e   __mspabi_slli_8
0000ed30   __mspabi_slli_7
0000ed32   __mspabi_slli_6
0000ed34   __mspabi_slli_5
0000ed36   __mspabi_slli_4
0000ed38   __mspabi_slli_3
0000ed3a   __mspabi_slli_2
0000ed3c   __mspabi_slli_1
0000ed6a   __mspabi_mpyl
0000edb4   modemCmd_read
0000edf6   modemLink_restart
0000ee12   Dummy_Isr
0000ee2c   _c_int00
0000ee2c   _c_int00_noexit
0000ee7a   __TI_zero_init
0000ee8e   __mspabi_mpyi
0000eea2   __TI_decompress_none
0000eeb4   memset
0000eec6   memcpy
0000eed6   __mspabi_func_epilog_7
0000eed8   __mspabi_func_epilog_6
0000eeda   __mspabi_func_epilog_5
0000eedc   __mspabi_func_epilog_4
0000eede   __mspabi_func_epilog_3
0000eee0   __mspabi_func_epilog_2
0000eee2   __mspabi_func_epilog_1
0000eee6   sysError
0000eeee   watchdog_timer
0000eef6   __TI_decompress_rle24
0000eefc   _system_pre_init
0000ef00   C$$EXIT
0000ef00   abort
0000ef08   pad_sensors
0000ef1c   pad0
0000ef26   pad1
0000ef30   pad2
0000ef3a   pad3
0000ef44   pad4
0000ef4e   pad5
0000ef58   highMarkFlowRates
0000ef66   thresholdTable
0000ef7a   __TI_Handler_Table_Base
0000ef80   __TI_Handler_Table_Limit
0000ef84   __TI_CINIT_Base
0000ef8c   __TI_CINIT_Limit
0000efce   ProxyVectorTable
0000efce   _App_Proxy_Vector_Start
0000effe   _App_Reset_Vector
0000effe   _reset_vector
0000efff   _App_End
0000f000   __Boot_Start
0000ffe0   __Boot_VectorTable
0000fffe   __Boot_Reset
0000ffff   __Flash_End
ffffffff   __binit__
ffffffff   __c_args__
ffffffff   binit
UNDEFED    __TI_INITARRAY_Base
UNDEFED    __TI_INITARRAY_Limit

[275 symbols]
