<?xml version="1.0"?>
<link_info>
   <banner>MSP430 Linker PC v4.2.1</banner>
   <copyright>Copyright (c) 2003-2013 Texas Instruments Incorporated</copyright>
   <link_time>0x55d68b7a</link_time>
   <link_errors>0x0</link_errors>
   <output_file>Outpour_MSP430.out</output_file>
   <entry_point>
      <name>_c_int00</name>
      <address>0xee2c</address>
   </entry_point>
   <input_file_list>
      <input_file id="fl-12">
         <path>.\src\</path>
         <kind>object</kind>
         <file>RTC_Calendar.obj</file>
         <name>RTC_Calendar.obj</name>
      </input_file>
      <input_file id="fl-2e">
         <path>C:\ti\ccsv5\tools\compiler\msp430_4.2.1\lib\</path>
         <kind>archive</kind>
         <file>rts430_eabi.lib</file>
         <name>asr16.obj</name>
      </input_file>
      <input_file id="fl-2f">
         <path>C:\ti\ccsv5\tools\compiler\msp430_4.2.1\lib\</path>
         <kind>archive</kind>
         <file>rts430_eabi.lib</file>
         <name>boot.obj</name>
      </input_file>
      <input_file id="fl-33">
         <path>C:\ti\ccsv5\tools\compiler\msp430_4.2.1\lib\</path>
         <kind>archive</kind>
         <file>rts430_eabi.lib</file>
         <name>epilog.obj</name>
      </input_file>
      <input_file id="fl-34">
         <path>C:\ti\ccsv5\tools\compiler\msp430_4.2.1\lib\</path>
         <kind>archive</kind>
         <file>rts430_eabi.lib</file>
         <name>exit.obj</name>
      </input_file>
      <input_file id="fl-35">
         <path>C:\ti\ccsv5\tools\compiler\msp430_4.2.1\lib\</path>
         <kind>archive</kind>
         <file>rts430_eabi.lib</file>
         <name>lsl16.obj</name>
      </input_file>
      <input_file id="fl-36">
         <path>C:\ti\ccsv5\tools\compiler\msp430_4.2.1\lib\</path>
         <kind>archive</kind>
         <file>rts430_eabi.lib</file>
         <name>lsr16.obj</name>
      </input_file>
      <input_file id="fl-37">
         <path>C:\ti\ccsv5\tools\compiler\msp430_4.2.1\lib\</path>
         <kind>archive</kind>
         <file>rts430_eabi.lib</file>
         <name>lsr32.obj</name>
      </input_file>
      <input_file id="fl-3a">
         <path>C:\ti\ccsv5\tools\compiler\msp430_4.2.1\lib\</path>
         <kind>archive</kind>
         <file>rts430_eabi.lib</file>
         <name>mult16.obj</name>
      </input_file>
      <input_file id="fl-3b">
         <path>C:\ti\ccsv5\tools\compiler\msp430_4.2.1\lib\</path>
         <kind>archive</kind>
         <file>rts430_eabi.lib</file>
         <name>mult32.obj</name>
      </input_file>
      <input_file id="fl-3e">
         <path>C:\ti\ccsv5\tools\compiler\msp430_4.2.1\lib\</path>
         <kind>archive</kind>
         <file>rts430_eabi.lib</file>
         <name>args_main.obj</name>
      </input_file>
      <input_file id="fl-3f">
         <path>C:\ti\ccsv5\tools\compiler\msp430_4.2.1\lib\</path>
         <kind>archive</kind>
         <file>rts430_eabi.lib</file>
         <name>autoinit.obj</name>
      </input_file>
      <input_file id="fl-40">
         <path>C:\DOCUME~1\David\LOCALS~1\Temp\</path>
         <kind>object</kind>
         <file>027365</file>
         <name>027365</name>
      </input_file>
      <input_file id="fl-41">
         <path>C:\ti\ccsv5\tools\compiler\msp430_4.2.1\lib\</path>
         <kind>archive</kind>
         <file>rts430_eabi.lib</file>
         <name>copy_decompress_none.obj</name>
      </input_file>
      <input_file id="fl-42">
         <path>C:\ti\ccsv5\tools\compiler\msp430_4.2.1\lib\</path>
         <kind>archive</kind>
         <file>rts430_eabi.lib</file>
         <name>copy_decompress_rle.obj</name>
      </input_file>
      <input_file id="fl-43">
         <path>C:\ti\ccsv5\tools\compiler\msp430_4.2.1\lib\</path>
         <kind>archive</kind>
         <file>rts430_eabi.lib</file>
         <name>copy_zero_init.obj</name>
      </input_file>
   </input_file_list>
   <object_component_list>
      <object_component id="oc-124">
         <name>.commbufs</name>
         <uninitialized>true</uninitialized>
         <run_address>0x350</run_address>
         <size>0x30</size>
         <input_file_ref idref="fl-e"/>
      </object_component>
      <object_component id="oc-12a">
         <name>.commbufs</name>
         <uninitialized>true</uninitialized>
         <run_address>0x380</run_address>
         <size>0x30</size>
         <input_file_ref idref="fl-c"/>
      </object_component>
      <object_component id="oc-2b">
         <name>.stack</name>
         <uninitialized>true</uninitialized>
         <run_address>0x3b0</run_address>
         <size>0x2</size>
         <input_file_ref idref="fl-2f"/>
      </object_component>
      <object_component id="oc-4f4">
         <name>.stack</name>
         <uninitialized>true</uninitialized>
         <run_address>0x3b0</run_address>
         <size>0x0</size>
      </object_component>
      <object_component id="oc-31f">
         <name>.week1Data</name>
         <uninitialized>true</uninitialized>
         <run_address>0xc000</run_address>
         <size>0x38e</size>
         <input_file_ref idref="fl-7"/>
      </object_component>
      <object_component id="oc-321">
         <name>.week2Data</name>
         <uninitialized>true</uninitialized>
         <run_address>0xc400</run_address>
         <size>0x38e</size>
         <input_file_ref idref="fl-7"/>
      </object_component>
      <object_component id="oc-ce">
         <name>.text</name>
         <load_address>0xc800</load_address>
         <run_address>0xc800</run_address>
         <size>0x2d0</size>
         <input_file_ref idref="fl-12"/>
      </object_component>
      <object_component id="oc-2f7">
         <name>.text:modemCmd_write</name>
         <load_address>0xcad0</load_address>
         <run_address>0xcad0</run_address>
         <size>0x226</size>
         <input_file_ref idref="fl-e"/>
      </object_component>
      <object_component id="oc-8e">
         <name>.text:sysExec_exec</name>
         <load_address>0xccf6</load_address>
         <run_address>0xccf6</run_address>
         <size>0x210</size>
         <input_file_ref idref="fl-5"/>
      </object_component>
      <object_component id="oc-15c">
         <name>.text:storageMgr_exec</name>
         <load_address>0xcf06</load_address>
         <run_address>0xcf06</run_address>
         <size>0x1d6</size>
         <input_file_ref idref="fl-7"/>
      </object_component>
      <object_component id="oc-2a5">
         <name>.text:otaMsgMgr_processOtaMsg$6</name>
         <load_address>0xd0dc</load_address>
         <run_address>0xd0dc</run_address>
         <size>0x1d0</size>
         <input_file_ref idref="fl-8"/>
      </object_component>
      <object_component id="oc-1ca">
         <name>.text:waterSense_takeReading$0</name>
         <load_address>0xd2ac</load_address>
         <run_address>0xd2ac</run_address>
         <size>0x198</size>
         <input_file_ref idref="fl-2"/>
      </object_component>
      <object_component id="oc-16c">
         <name>.text:otaMsgMgr_stateMachine$6</name>
         <load_address>0xd444</load_address>
         <run_address>0xd444</run_address>
         <size>0x192</size>
         <input_file_ref idref="fl-8"/>
      </object_component>
      <object_component id="oc-23e">
         <name>.text:recordLastDay$5</name>
         <load_address>0xd5d6</load_address>
         <run_address>0xd5d6</run_address>
         <size>0x192</size>
         <input_file_ref idref="fl-7"/>
      </object_component>
      <object_component id="oc-177">
         <name>.text:modemMgr_stateMachine$10</name>
         <load_address>0xd768</load_address>
         <run_address>0xd768</run_address>
         <size>0x180</size>
         <input_file_ref idref="fl-c"/>
      </object_component>
      <object_component id="oc-283">
         <name>.text:dataMsgSm_stateMachine</name>
         <load_address>0xd8e8</load_address>
         <run_address>0xd8e8</run_address>
         <size>0x152</size>
         <input_file_ref idref="fl-a"/>
      </object_component>
      <object_component id="oc-171">
         <name>.text:fassMsgMgr_exec</name>
         <load_address>0xda3a</load_address>
         <run_address>0xda3a</run_address>
         <size>0x112</size>
         <input_file_ref idref="fl-b"/>
      </object_component>
      <object_component id="oc-14c">
         <name>.text:prepareDailyLog$5</name>
         <load_address>0xdb4c</load_address>
         <run_address>0xdb4c</run_address>
         <size>0x108</size>
         <input_file_ref idref="fl-7"/>
      </object_component>
      <object_component id="oc-426">
         <name>.text:storageMgr_setStorageAlignmentTime</name>
         <load_address>0xdc54</load_address>
         <run_address>0xdc54</run_address>
         <size>0xfa</size>
         <input_file_ref idref="fl-7"/>
      </object_component>
      <object_component id="oc-334">
         <name>.text:TI_CTS_RO_PINOSC_TA0_WDTp_HAL</name>
         <load_address>0xdd4e</load_address>
         <run_address>0xdd4e</run_address>
         <size>0xe8</size>
         <input_file_ref idref="fl-14"/>
      </object_component>
      <object_component id="oc-17d">
         <name>.text:modemPowerUpStateMachine$11</name>
         <load_address>0xde36</load_address>
         <run_address>0xde36</run_address>
         <size>0xd6</size>
         <input_file_ref idref="fl-d"/>
      </object_component>
      <object_component id="oc-1de">
         <name>.text:check_calibration$0</name>
         <load_address>0xdf0c</load_address>
         <run_address>0xdf0c</run_address>
         <size>0xd2</size>
         <input_file_ref idref="fl-2"/>
      </object_component>
      <object_component id="oc-446">
         <name>.text:gen_crc16_2buf</name>
         <load_address>0xdfde</load_address>
         <run_address>0xdfde</run_address>
         <size>0xcc</size>
         <input_file_ref idref="fl-3"/>
      </object_component>
      <object_component id="oc-3a0">
         <name>.text:handle_red_flag$5</name>
         <load_address>0xe0aa</load_address>
         <run_address>0xe0aa</run_address>
         <size>0xc0</size>
         <input_file_ref idref="fl-7"/>
      </object_component>
      <object_component id="oc-70">
         <name>.text:USCI0TX_ISR</name>
         <load_address>0xe16a</load_address>
         <run_address>0xe16a</run_address>
         <size>0xbc</size>
         <input_file_ref idref="fl-e"/>
      </object_component>
      <object_component id="oc-166">
         <name>.text:dataMsgMgr_exec</name>
         <load_address>0xe226</load_address>
         <run_address>0xe226</run_address>
         <size>0xa0</size>
         <input_file_ref idref="fl-b"/>
      </object_component>
      <object_component id="oc-157">
         <name>.text:waterSense_exec</name>
         <load_address>0xe2c6</load_address>
         <run_address>0xe2c6</run_address>
         <size>0x9e</size>
         <input_file_ref idref="fl-2"/>
      </object_component>
      <object_component id="oc-1ba">
         <name>.text:getBinTime</name>
         <load_address>0xe364</load_address>
         <run_address>0xe364</run_address>
         <size>0x9a</size>
         <input_file_ref idref="fl-4"/>
      </object_component>
      <object_component id="oc-2d9">
         <name>.text:gen_crc16</name>
         <load_address>0xe3fe</load_address>
         <run_address>0xe3fe</run_address>
         <size>0x94</size>
         <input_file_ref idref="fl-3"/>
      </object_component>
      <object_component id="oc-25a">
         <name>.text:modemCmdProcessRxMsg$12</name>
         <load_address>0xe492</load_address>
         <run_address>0xe492</run_address>
         <size>0x92</size>
         <input_file_ref idref="fl-e"/>
      </object_component>
      <object_component id="oc-3a">
         <name>.text:main</name>
         <load_address>0xe524</load_address>
         <run_address>0xe524</run_address>
         <size>0x80</size>
         <input_file_ref idref="fl-f"/>
      </object_component>
      <object_component id="oc-161">
         <name>.text:modemCmd_exec</name>
         <load_address>0xe5a4</load_address>
         <run_address>0xe5a4</run_address>
         <size>0x80</size>
         <input_file_ref idref="fl-e"/>
      </object_component>
      <object_component id="oc-1bf">
         <name>.text:msp430Flash_write_bytes</name>
         <load_address>0xe624</load_address>
         <run_address>0xe624</run_address>
         <size>0x78</size>
         <input_file_ref idref="fl-11"/>
      </object_component>
      <object_component id="oc-295">
         <name>.text:otaMsgMgr_processGmtClocksetPart2$6</name>
         <load_address>0xe69c</load_address>
         <run_address>0xe69c</run_address>
         <size>0x72</size>
         <input_file_ref idref="fl-8"/>
      </object_component>
      <object_component id="oc-21f">
         <name>.text:dataMsgMgr_sendDailyLogs</name>
         <load_address>0xe70e</load_address>
         <run_address>0xe70e</run_address>
         <size>0x6e</size>
         <input_file_ref idref="fl-b"/>
      </object_component>
      <object_component id="oc-1e5">
         <name>.text:readInternalTemperature$0</name>
         <load_address>0xe77c</load_address>
         <run_address>0xe77c</run_address>
         <size>0x68</size>
         <input_file_ref idref="fl-2"/>
      </object_component>
      <object_component id="oc-277">
         <name>.text:storageMgr_getNextDailyLogToTransmit</name>
         <load_address>0xe7e4</load_address>
         <run_address>0xe7e4</run_address>
         <size>0x68</size>
         <input_file_ref idref="fl-7"/>
      </object_component>
      <object_component id="oc-184">
         <name>.text:storageMgr_prepareMsgHeader</name>
         <load_address>0xe84c</load_address>
         <run_address>0xe84c</run_address>
         <size>0x62</size>
         <input_file_ref idref="fl-7"/>
      </object_component>
      <object_component id="oc-58">
         <name>.text:__TI_decompress_rle_core</name>
         <load_address>0xe8ae</load_address>
         <run_address>0xe8ae</run_address>
         <size>0x5e</size>
         <input_file_ref idref="fl-42"/>
      </object_component>
      <object_component id="oc-35">
         <name>.text:_auto_init</name>
         <load_address>0xe90c</load_address>
         <run_address>0xe90c</run_address>
         <size>0x5e</size>
         <input_file_ref idref="fl-3f"/>
      </object_component>
      <object_component id="oc-230">
         <name>.text:l_lsr_const</name>
         <load_address>0xe96a</load_address>
         <run_address>0xe96a</run_address>
         <size>0x5c</size>
         <input_file_ref idref="fl-37"/>
      </object_component>
      <object_component id="oc-75">
         <name>.text:USCI0RX_ISR</name>
         <load_address>0xe9c6</load_address>
         <run_address>0xe9c6</run_address>
         <size>0x58</size>
         <input_file_ref idref="fl-e"/>
      </object_component>
      <object_component id="oc-219">
         <name>.text:dataMsgMgr_sendDataMsg</name>
         <load_address>0xea1e</load_address>
         <run_address>0xea1e</run_address>
         <size>0x58</size>
         <input_file_ref idref="fl-b"/>
      </object_component>
      <object_component id="oc-a7">
         <name>.text:msp430Flash_erase_segment</name>
         <load_address>0xea76</load_address>
         <run_address>0xea76</run_address>
         <size>0x58</size>
         <input_file_ref idref="fl-11"/>
      </object_component>
      <object_component id="oc-234">
         <name>.text</name>
         <load_address>0xeace</load_address>
         <run_address>0xeace</run_address>
         <size>0x4c</size>
         <input_file_ref idref="fl-36"/>
      </object_component>
      <object_component id="oc-13a">
         <name>.text:waterSense_clearStats</name>
         <load_address>0xeb1a</load_address>
         <run_address>0xeb1a</run_address>
         <size>0x44</size>
         <input_file_ref idref="fl-2"/>
      </object_component>
      <object_component id="oc-265">
         <name>.text:modemCmdIsrRestart$12</name>
         <load_address>0xeb5e</load_address>
         <run_address>0xeb5e</run_address>
         <size>0x40</size>
         <input_file_ref idref="fl-e"/>
      </object_component>
      <object_component id="oc-189">
         <name>.text:dbgMsgMgr_sendDebugMsg</name>
         <load_address>0xeb9e</load_address>
         <run_address>0xeb9e</run_address>
         <size>0x3e</size>
         <input_file_ref idref="fl-9"/>
      </object_component>
      <object_component id="oc-4b6">
         <name>.text:isBcdMinSecValValid</name>
         <load_address>0xebdc</load_address>
         <run_address>0xebdc</run_address>
         <size>0x3e</size>
         <input_file_ref idref="fl-3"/>
      </object_component>
      <object_component id="oc-432">
         <name>.text:sysExec_startRebootCountdown</name>
         <load_address>0xec1a</load_address>
         <run_address>0xec1a</run_address>
         <size>0x3c</size>
         <input_file_ref idref="fl-5"/>
      </object_component>
      <object_component id="oc-318">
         <name>.text:dbgMsgMgr_stateMachine$7</name>
         <load_address>0xec56</load_address>
         <run_address>0xec56</run_address>
         <size>0x3a</size>
         <input_file_ref idref="fl-9"/>
      </object_component>
      <object_component id="oc-7f">
         <name>.text:ISR_Timer1_A0</name>
         <load_address>0xec90</load_address>
         <run_address>0xec90</run_address>
         <size>0x2c</size>
         <input_file_ref idref="fl-4"/>
      </object_component>
      <object_component id="oc-24c">
         <name>.text:prepareNextWeeklyLog$5</name>
         <load_address>0xecbc</load_address>
         <run_address>0xecbc</run_address>
         <size>0x2c</size>
         <input_file_ref idref="fl-7"/>
      </object_component>
      <object_component id="oc-326">
         <name>.text</name>
         <load_address>0xece8</load_address>
         <run_address>0xece8</run_address>
         <size>0x2c</size>
         <input_file_ref idref="fl-2e"/>
      </object_component>
      <object_component id="oc-1b6">
         <name>.text</name>
         <load_address>0xed14</load_address>
         <run_address>0xed14</run_address>
         <size>0x2c</size>
         <input_file_ref idref="fl-35"/>
      </object_component>
      <object_component id="oc-13f">
         <name>.text:initMaxArray$0</name>
         <load_address>0xed40</load_address>
         <run_address>0xed40</run_address>
         <size>0x2a</size>
         <input_file_ref idref="fl-2"/>
      </object_component>
      <object_component id="oc-36b">
         <name>.text</name>
         <load_address>0xed6a</load_address>
         <run_address>0xed6a</run_address>
         <size>0x26</size>
         <input_file_ref idref="fl-3b"/>
      </object_component>
      <object_component id="oc-228">
         <name>.text:getDailyLogAddr$5</name>
         <load_address>0xed90</load_address>
         <run_address>0xed90</run_address>
         <size>0x24</size>
         <input_file_ref idref="fl-7"/>
      </object_component>
      <object_component id="oc-2e1">
         <name>.text:modemCmd_read</name>
         <load_address>0xedb4</load_address>
         <run_address>0xedb4</run_address>
         <size>0x22</size>
         <input_file_ref idref="fl-e"/>
      </object_component>
      <object_component id="oc-147">
         <name>.text:eraseWeeklyLog$5</name>
         <load_address>0xedd6</load_address>
         <run_address>0xedd6</run_address>
         <size>0x20</size>
         <input_file_ref idref="fl-7"/>
      </object_component>
      <object_component id="oc-3dd">
         <name>.text:modemLink_restart</name>
         <load_address>0xedf6</load_address>
         <run_address>0xedf6</run_address>
         <size>0x1c</size>
         <input_file_ref idref="fl-d"/>
      </object_component>
      <object_component id="oc-6b">
         <name>.text:Dummy_Isr</name>
         <load_address>0xee12</load_address>
         <run_address>0xee12</run_address>
         <size>0x1a</size>
         <input_file_ref idref="fl-f"/>
      </object_component>
      <object_component id="oc-17">
         <name>.text:_c_int00_noexit</name>
         <load_address>0xee2c</load_address>
         <run_address>0xee2c</run_address>
         <size>0x1a</size>
         <input_file_ref idref="fl-2f"/>
      </object_component>
      <object_component id="oc-1f3">
         <name>.text:getAndDisableSysTimerInterrupt$2</name>
         <load_address>0xee46</load_address>
         <run_address>0xee46</run_address>
         <size>0x1a</size>
         <input_file_ref idref="fl-4"/>
      </object_component>
      <object_component id="oc-402">
         <name>.text:getAndDisableSysTimerInterrupt$6</name>
         <load_address>0xee60</load_address>
         <run_address>0xee60</run_address>
         <size>0x1a</size>
         <input_file_ref idref="fl-8"/>
      </object_component>
      <object_component id="oc-21">
         <name>.text:decompress:ZI:__TI_zero_init</name>
         <load_address>0xee7a</load_address>
         <run_address>0xee7a</run_address>
         <size>0x14</size>
         <input_file_ref idref="fl-43"/>
      </object_component>
      <object_component id="oc-32a">
         <name>.text</name>
         <load_address>0xee8e</load_address>
         <run_address>0xee8e</run_address>
         <size>0x14</size>
         <input_file_ref idref="fl-3a"/>
      </object_component>
      <object_component id="oc-1c">
         <name>.text:decompress:none:__TI_decompress_none</name>
         <load_address>0xeea2</load_address>
         <run_address>0xeea2</run_address>
         <size>0x12</size>
         <input_file_ref idref="fl-41"/>
      </object_component>
      <object_component id="oc-11c">
         <name>.text:memset</name>
         <load_address>0xeeb4</load_address>
         <run_address>0xeeb4</run_address>
         <size>0x12</size>
         <input_file_ref idref="fl-39"/>
      </object_component>
      <object_component id="oc-45">
         <name>.text:memcpy</name>
         <load_address>0xeec6</load_address>
         <run_address>0xeec6</run_address>
         <size>0x10</size>
         <input_file_ref idref="fl-38"/>
      </object_component>
      <object_component id="oc-88">
         <name>.text</name>
         <load_address>0xeed6</load_address>
         <run_address>0xeed6</run_address>
         <size>0x10</size>
         <input_file_ref idref="fl-33"/>
      </object_component>
      <object_component id="oc-1ac">
         <name>.text:sysError</name>
         <load_address>0xeee6</load_address>
         <run_address>0xeee6</run_address>
         <size>0x8</size>
         <input_file_ref idref="fl-f"/>
      </object_component>
      <object_component id="oc-7a">
         <name>.text:watchdog_timer</name>
         <load_address>0xeeee</load_address>
         <run_address>0xeeee</run_address>
         <size>0x8</size>
         <input_file_ref idref="fl-14"/>
      </object_component>
      <object_component id="oc-26">
         <name>.text:decompress:rle24:__TI_decompress_rle24</name>
         <load_address>0xeef6</load_address>
         <run_address>0xeef6</run_address>
         <size>0x6</size>
         <input_file_ref idref="fl-42"/>
      </object_component>
      <object_component id="oc-30">
         <name>.text:_system_pre_init</name>
         <load_address>0xeefc</load_address>
         <run_address>0xeefc</run_address>
         <size>0x4</size>
         <input_file_ref idref="fl-3c"/>
      </object_component>
      <object_component id="oc-3f">
         <name>.text:abort</name>
         <load_address>0xef00</load_address>
         <run_address>0xef00</run_address>
         <size>0x4</size>
         <input_file_ref idref="fl-34"/>
      </object_component>
      <object_component id="oc-1b1">
         <name>.text</name>
         <load_address>0xef04</load_address>
         <run_address>0xef04</run_address>
         <size>0x4</size>
         <input_file_ref idref="fl-7"/>
      </object_component>
      <object_component id="oc-4f3">
         <name>.cinit..data.load</name>
         <load_address>0xef72</load_address>
         <run_address>0xef72</run_address>
         <size>0x8</size>
      </object_component>
      <object_component id="oc-4f0">
         <name>__TI_handler_table</name>
         <load_address>0xef7a</load_address>
         <run_address>0xef7a</run_address>
         <size>0x6</size>
      </object_component>
      <object_component id="oc-4f2">
         <name>.cinit..bss.load</name>
         <load_address>0xef80</load_address>
         <run_address>0xef80</run_address>
         <size>0x4</size>
      </object_component>
      <object_component id="oc-4f1">
         <name>__TI_cinit_table</name>
         <load_address>0xef84</load_address>
         <run_address>0xef84</run_address>
         <size>0x8</size>
      </object_component>
      <object_component id="oc-332">
         <name>.const</name>
         <load_address>0xef08</load_address>
         <run_address>0xef08</run_address>
         <size>0x50</size>
         <input_file_ref idref="fl-6"/>
      </object_component>
      <object_component id="oc-34e">
         <name>.const:highMarkFlowRates</name>
         <load_address>0xef58</load_address>
         <run_address>0xef58</run_address>
         <size>0xe</size>
         <input_file_ref idref="fl-2"/>
      </object_component>
      <object_component id="oc-33c">
         <name>.const:thresholdTable</name>
         <load_address>0xef66</load_address>
         <run_address>0xef66</run_address>
         <size>0xc</size>
         <input_file_ref idref="fl-2"/>
      </object_component>
      <object_component id="oc-2e">
         <name>.APP_PROXY_VECTORS:retain</name>
         <load_address>0xefce</load_address>
         <run_address>0xefce</run_address>
         <size>0x30</size>
         <input_file_ref idref="fl-f"/>
      </object_component>
      <object_component id="oc-2d">
         <name>.reset</name>
         <load_address>0xeffe</load_address>
         <run_address>0xeffe</run_address>
         <size>0x2</size>
         <input_file_ref idref="fl-2f"/>
      </object_component>
      <object_component id="oc-1f8">
         <name>.TI.noinit</name>
         <uninitialized>true</uninitialized>
         <run_address>0x342</run_address>
         <size>0x6</size>
         <input_file_ref idref="fl-4"/>
      </object_component>
      <object_component id="oc-121">
         <name>.bss</name>
         <uninitialized>true</uninitialized>
         <run_address>0x326</run_address>
         <size>0xc</size>
         <input_file_ref idref="fl-12"/>
      </object_component>
      <object_component id="oc-48c">
         <name>.common:wsData</name>
         <uninitialized>true</uninitialized>
         <run_address>0x200</run_address>
         <size>0x78</size>
      </object_component>
      <object_component id="oc-4c1">
         <name>.common:sysExecData</name>
         <uninitialized>true</uninitialized>
         <run_address>0x33a</run_address>
         <size>0x8</size>
      </object_component>
      <object_component id="oc-4bd">
         <name>.common:stData</name>
         <uninitialized>true</uninitialized>
         <run_address>0x278</run_address>
         <size>0x2c</size>
      </object_component>
      <object_component id="oc-430">
         <name>.common:otaData</name>
         <uninitialized>true</uninitialized>
         <run_address>0x2ea</run_address>
         <size>0x1c</size>
      </object_component>
      <object_component id="oc-482">
         <name>.common:dbgData</name>
         <uninitialized>true</uninitialized>
         <run_address>0x306</run_address>
         <size>0x10</size>
      </object_component>
      <object_component id="oc-3fe">
         <name>.common:msgData</name>
         <uninitialized>true</uninitialized>
         <run_address>0x2cc</run_address>
         <size>0x1e</size>
      </object_component>
      <object_component id="oc-431">
         <name>.common:mwBatchData</name>
         <uninitialized>true</uninitialized>
         <run_address>0x316</run_address>
         <size>0x10</size>
      </object_component>
      <object_component id="oc-4b0">
         <name>.common:mlData</name>
         <uninitialized>true</uninitialized>
         <run_address>0x332</run_address>
         <size>0x8</size>
      </object_component>
      <object_component id="oc-4c3">
         <name>.common:mcData</name>
         <uninitialized>true</uninitialized>
         <run_address>0x2a4</run_address>
         <size>0x28</size>
      </object_component>
      <object_component id="oc-d2">
         <name>.data</name>
         <load_address>0x348</load_address>
         <run_address>0x348</run_address>
         <size>0x4</size>
         <input_file_ref idref="fl-4"/>
      </object_component>
      <object_component id="oc-18">
         <name>.debug_aranges</name>
         <load_address>0x0</load_address>
         <run_address>0x0</run_address>
         <size>0x20</size>
         <input_file_ref idref="fl-2f"/>
      </object_component>
      <object_component id="oc-20">
         <name>.debug_aranges</name>
         <load_address>0x20</load_address>
         <run_address>0x20</run_address>
         <size>0x20</size>
         <input_file_ref idref="fl-41"/>
      </object_component>
      <object_component id="oc-25">
         <name>.debug_aranges</name>
         <load_address>0x40</load_address>
         <run_address>0x40</run_address>
         <size>0x20</size>
         <input_file_ref idref="fl-43"/>
      </object_component>
      <object_component id="oc-2a">
         <name>.debug_aranges</name>
         <load_address>0x60</load_address>
         <run_address>0x60</run_address>
         <size>0x20</size>
         <input_file_ref idref="fl-42"/>
      </object_component>
      <object_component id="oc-34">
         <name>.debug_aranges</name>
         <load_address>0x80</load_address>
         <run_address>0x80</run_address>
         <size>0x20</size>
         <input_file_ref idref="fl-40"/>
      </object_component>
      <object_component id="oc-39">
         <name>.debug_aranges</name>
         <load_address>0xa0</load_address>
         <run_address>0xa0</run_address>
         <size>0x20</size>
         <input_file_ref idref="fl-3f"/>
      </object_component>
      <object_component id="oc-3e">
         <name>.debug_aranges</name>
         <load_address>0xc0</load_address>
         <run_address>0xc0</run_address>
         <size>0x20</size>
         <input_file_ref idref="fl-40"/>
      </object_component>
      <object_component id="oc-43">
         <name>.debug_aranges</name>
         <load_address>0xe0</load_address>
         <run_address>0xe0</run_address>
         <size>0x20</size>
         <input_file_ref idref="fl-34"/>
      </object_component>
      <object_component id="oc-49">
         <name>.debug_aranges</name>
         <load_address>0x100</load_address>
         <run_address>0x100</run_address>
         <size>0x20</size>
         <input_file_ref idref="fl-40"/>
      </object_component>
      <object_component id="oc-5c">
         <name>.debug_aranges</name>
         <load_address>0x120</load_address>
         <run_address>0x120</run_address>
         <size>0x20</size>
         <input_file_ref idref="fl-42"/>
      </object_component>
      <object_component id="oc-6f">
         <name>.debug_aranges</name>
         <load_address>0x140</load_address>
         <run_address>0x140</run_address>
         <size>0x20</size>
         <input_file_ref idref="fl-40"/>
      </object_component>
      <object_component id="oc-74">
         <name>.debug_aranges</name>
         <load_address>0x160</load_address>
         <run_address>0x160</run_address>
         <size>0x28</size>
         <input_file_ref idref="fl-40"/>
      </object_component>
      <object_component id="oc-79">
         <name>.debug_aranges</name>
         <load_address>0x188</load_address>
         <run_address>0x188</run_address>
         <size>0x20</size>
         <input_file_ref idref="fl-40"/>
      </object_component>
      <object_component id="oc-7e">
         <name>.debug_aranges</name>
         <load_address>0x1a8</load_address>
         <run_address>0x1a8</run_address>
         <size>0x20</size>
         <input_file_ref idref="fl-40"/>
      </object_component>
      <object_component id="oc-83">
         <name>.debug_aranges</name>
         <load_address>0x1c8</load_address>
         <run_address>0x1c8</run_address>
         <size>0x20</size>
         <input_file_ref idref="fl-40"/>
      </object_component>
      <object_component id="oc-8b">
         <name>.debug_aranges</name>
         <load_address>0x1e8</load_address>
         <run_address>0x1e8</run_address>
         <size>0x20</size>
         <input_file_ref idref="fl-33"/>
      </object_component>
      <object_component id="oc-92">
         <name>.debug_aranges</name>
         <load_address>0x208</load_address>
         <run_address>0x208</run_address>
         <size>0x20</size>
         <input_file_ref idref="fl-40"/>
      </object_component>
      <object_component id="oc-ab">
         <name>.debug_aranges</name>
         <load_address>0x228</load_address>
         <run_address>0x228</run_address>
         <size>0x20</size>
         <input_file_ref idref="fl-40"/>
      </object_component>
      <object_component id="oc-d1">
         <name>.debug_aranges</name>
         <load_address>0x248</load_address>
         <run_address>0x248</run_address>
         <size>0x20</size>
         <input_file_ref idref="fl-12"/>
      </object_component>
      <object_component id="oc-120">
         <name>.debug_aranges</name>
         <load_address>0x268</load_address>
         <run_address>0x268</run_address>
         <size>0x20</size>
         <input_file_ref idref="fl-40"/>
      </object_component>
      <object_component id="oc-13e">
         <name>.debug_aranges</name>
         <load_address>0x288</load_address>
         <run_address>0x288</run_address>
         <size>0x20</size>
         <input_file_ref idref="fl-40"/>
      </object_component>
      <object_component id="oc-143">
         <name>.debug_aranges</name>
         <load_address>0x2a8</load_address>
         <run_address>0x2a8</run_address>
         <size>0x20</size>
         <input_file_ref idref="fl-40"/>
      </object_component>
      <object_component id="oc-14b">
         <name>.debug_aranges</name>
         <load_address>0x2c8</load_address>
         <run_address>0x2c8</run_address>
         <size>0x20</size>
         <input_file_ref idref="fl-40"/>
      </object_component>
      <object_component id="oc-150">
         <name>.debug_aranges</name>
         <load_address>0x2e8</load_address>
         <run_address>0x2e8</run_address>
         <size>0x28</size>
         <input_file_ref idref="fl-40"/>
      </object_component>
      <object_component id="oc-15b">
         <name>.debug_aranges</name>
         <load_address>0x310</load_address>
         <run_address>0x310</run_address>
         <size>0x20</size>
         <input_file_ref idref="fl-40"/>
      </object_component>
      <object_component id="oc-160">
         <name>.debug_aranges</name>
         <load_address>0x330</load_address>
         <run_address>0x330</run_address>
         <size>0x20</size>
         <input_file_ref idref="fl-40"/>
      </object_component>
      <object_component id="oc-165">
         <name>.debug_aranges</name>
         <load_address>0x350</load_address>
         <run_address>0x350</run_address>
         <size>0x20</size>
         <input_file_ref idref="fl-40"/>
      </object_component>
      <object_component id="oc-16a">
         <name>.debug_aranges</name>
         <load_address>0x370</load_address>
         <run_address>0x370</run_address>
         <size>0x20</size>
         <input_file_ref idref="fl-40"/>
      </object_component>
      <object_component id="oc-170">
         <name>.debug_aranges</name>
         <load_address>0x390</load_address>
         <run_address>0x390</run_address>
         <size>0x48</size>
         <input_file_ref idref="fl-40"/>
      </object_component>
      <object_component id="oc-175">
         <name>.debug_aranges</name>
         <load_address>0x3d8</load_address>
         <run_address>0x3d8</run_address>
         <size>0x20</size>
         <input_file_ref idref="fl-40"/>
      </object_component>
      <object_component id="oc-17b">
         <name>.debug_aranges</name>
         <load_address>0x3f8</load_address>
         <run_address>0x3f8</run_address>
         <size>0x28</size>
         <input_file_ref idref="fl-40"/>
      </object_component>
      <object_component id="oc-181">
         <name>.debug_aranges</name>
         <load_address>0x420</load_address>
         <run_address>0x420</run_address>
         <size>0x20</size>
         <input_file_ref idref="fl-40"/>
      </object_component>
      <object_component id="oc-188">
         <name>.debug_aranges</name>
         <load_address>0x440</load_address>
         <run_address>0x440</run_address>
         <size>0x20</size>
         <input_file_ref idref="fl-40"/>
      </object_component>
      <object_component id="oc-18d">
         <name>.debug_aranges</name>
         <load_address>0x460</load_address>
         <run_address>0x460</run_address>
         <size>0x20</size>
         <input_file_ref idref="fl-40"/>
      </object_component>
      <object_component id="oc-1b0">
         <name>.debug_aranges</name>
         <load_address>0x480</load_address>
         <run_address>0x480</run_address>
         <size>0x20</size>
         <input_file_ref idref="fl-40"/>
      </object_component>
      <object_component id="oc-1b9">
         <name>.debug_aranges</name>
         <load_address>0x4a0</load_address>
         <run_address>0x4a0</run_address>
         <size>0x20</size>
         <input_file_ref idref="fl-35"/>
      </object_component>
      <object_component id="oc-1be">
         <name>.debug_aranges</name>
         <load_address>0x4c0</load_address>
         <run_address>0x4c0</run_address>
         <size>0x30</size>
         <input_file_ref idref="fl-40"/>
      </object_component>
      <object_component id="oc-1c3">
         <name>.debug_aranges</name>
         <load_address>0x4f0</load_address>
         <run_address>0x4f0</run_address>
         <size>0x20</size>
         <input_file_ref idref="fl-40"/>
      </object_component>
      <object_component id="oc-1ce">
         <name>.debug_aranges</name>
         <load_address>0x510</load_address>
         <run_address>0x510</run_address>
         <size>0x40</size>
         <input_file_ref idref="fl-40"/>
      </object_component>
      <object_component id="oc-1e2">
         <name>.debug_aranges</name>
         <load_address>0x550</load_address>
         <run_address>0x550</run_address>
         <size>0x20</size>
         <input_file_ref idref="fl-40"/>
      </object_component>
      <object_component id="oc-1e9">
         <name>.debug_aranges</name>
         <load_address>0x570</load_address>
         <run_address>0x570</run_address>
         <size>0x20</size>
         <input_file_ref idref="fl-40"/>
      </object_component>
      <object_component id="oc-1f7">
         <name>.debug_aranges</name>
         <load_address>0x590</load_address>
         <run_address>0x590</run_address>
         <size>0x20</size>
         <input_file_ref idref="fl-40"/>
      </object_component>
      <object_component id="oc-21d">
         <name>.debug_aranges</name>
         <load_address>0x5b0</load_address>
         <run_address>0x5b0</run_address>
         <size>0x20</size>
         <input_file_ref idref="fl-40"/>
      </object_component>
      <object_component id="oc-223">
         <name>.debug_aranges</name>
         <load_address>0x5d0</load_address>
         <run_address>0x5d0</run_address>
         <size>0x20</size>
         <input_file_ref idref="fl-40"/>
      </object_component>
      <object_component id="oc-22c">
         <name>.debug_aranges</name>
         <load_address>0x5f0</load_address>
         <run_address>0x5f0</run_address>
         <size>0x20</size>
         <input_file_ref idref="fl-40"/>
      </object_component>
      <object_component id="oc-233">
         <name>.debug_aranges</name>
         <load_address>0x610</load_address>
         <run_address>0x610</run_address>
         <size>0x20</size>
         <input_file_ref idref="fl-37"/>
      </object_component>
      <object_component id="oc-237">
         <name>.debug_aranges</name>
         <load_address>0x630</load_address>
         <run_address>0x630</run_address>
         <size>0x20</size>
         <input_file_ref idref="fl-36"/>
      </object_component>
      <object_component id="oc-242">
         <name>.debug_aranges</name>
         <load_address>0x650</load_address>
         <run_address>0x650</run_address>
         <size>0x20</size>
         <input_file_ref idref="fl-40"/>
      </object_component>
      <object_component id="oc-250">
         <name>.debug_aranges</name>
         <load_address>0x670</load_address>
         <run_address>0x670</run_address>
         <size>0x20</size>
         <input_file_ref idref="fl-40"/>
      </object_component>
      <object_component id="oc-25e">
         <name>.debug_aranges</name>
         <load_address>0x690</load_address>
         <run_address>0x690</run_address>
         <size>0x20</size>
         <input_file_ref idref="fl-40"/>
      </object_component>
      <object_component id="oc-269">
         <name>.debug_aranges</name>
         <load_address>0x6b0</load_address>
         <run_address>0x6b0</run_address>
         <size>0x20</size>
         <input_file_ref idref="fl-40"/>
      </object_component>
      <object_component id="oc-27b">
         <name>.debug_aranges</name>
         <load_address>0x6d0</load_address>
         <run_address>0x6d0</run_address>
         <size>0x20</size>
         <input_file_ref idref="fl-40"/>
      </object_component>
      <object_component id="oc-287">
         <name>.debug_aranges</name>
         <load_address>0x6f0</load_address>
         <run_address>0x6f0</run_address>
         <size>0x28</size>
         <input_file_ref idref="fl-40"/>
      </object_component>
      <object_component id="oc-299">
         <name>.debug_aranges</name>
         <load_address>0x718</load_address>
         <run_address>0x718</run_address>
         <size>0x20</size>
         <input_file_ref idref="fl-40"/>
      </object_component>
      <object_component id="oc-2a9">
         <name>.debug_aranges</name>
         <load_address>0x738</load_address>
         <run_address>0x738</run_address>
         <size>0x28</size>
         <input_file_ref idref="fl-40"/>
      </object_component>
      <object_component id="oc-2dd">
         <name>.debug_aranges</name>
         <load_address>0x760</load_address>
         <run_address>0x760</run_address>
         <size>0x28</size>
         <input_file_ref idref="fl-40"/>
      </object_component>
      <object_component id="oc-2e5">
         <name>.debug_aranges</name>
         <load_address>0x788</load_address>
         <run_address>0x788</run_address>
         <size>0x20</size>
         <input_file_ref idref="fl-40"/>
      </object_component>
      <object_component id="oc-2fb">
         <name>.debug_aranges</name>
         <load_address>0x7a8</load_address>
         <run_address>0x7a8</run_address>
         <size>0x40</size>
         <input_file_ref idref="fl-40"/>
      </object_component>
      <object_component id="oc-31c">
         <name>.debug_aranges</name>
         <load_address>0x7e8</load_address>
         <run_address>0x7e8</run_address>
         <size>0x20</size>
         <input_file_ref idref="fl-40"/>
      </object_component>
      <object_component id="oc-327">
         <name>.debug_aranges</name>
         <load_address>0x808</load_address>
         <run_address>0x808</run_address>
         <size>0x20</size>
         <input_file_ref idref="fl-2e"/>
      </object_component>
      <object_component id="oc-32d">
         <name>.debug_aranges</name>
         <load_address>0x828</load_address>
         <run_address>0x828</run_address>
         <size>0x20</size>
         <input_file_ref idref="fl-3a"/>
      </object_component>
      <object_component id="oc-338">
         <name>.debug_aranges</name>
         <load_address>0x848</load_address>
         <run_address>0x848</run_address>
         <size>0x20</size>
         <input_file_ref idref="fl-40"/>
      </object_component>
      <object_component id="oc-36e">
         <name>.debug_aranges</name>
         <load_address>0x868</load_address>
         <run_address>0x868</run_address>
         <size>0x20</size>
         <input_file_ref idref="fl-3b"/>
      </object_component>
      <object_component id="oc-3a4">
         <name>.debug_aranges</name>
         <load_address>0x888</load_address>
         <run_address>0x888</run_address>
         <size>0x20</size>
         <input_file_ref idref="fl-40"/>
      </object_component>
      <object_component id="oc-3e1">
         <name>.debug_aranges</name>
         <load_address>0x8a8</load_address>
         <run_address>0x8a8</run_address>
         <size>0x20</size>
         <input_file_ref idref="fl-40"/>
      </object_component>
      <object_component id="oc-406">
         <name>.debug_aranges</name>
         <load_address>0x8c8</load_address>
         <run_address>0x8c8</run_address>
         <size>0x20</size>
         <input_file_ref idref="fl-40"/>
      </object_component>
      <object_component id="oc-42a">
         <name>.debug_aranges</name>
         <load_address>0x8e8</load_address>
         <run_address>0x8e8</run_address>
         <size>0x28</size>
         <input_file_ref idref="fl-40"/>
      </object_component>
      <object_component id="oc-436">
         <name>.debug_aranges</name>
         <load_address>0x910</load_address>
         <run_address>0x910</run_address>
         <size>0x20</size>
         <input_file_ref idref="fl-40"/>
      </object_component>
      <object_component id="oc-44a">
         <name>.debug_aranges</name>
         <load_address>0x930</load_address>
         <run_address>0x930</run_address>
         <size>0x30</size>
         <input_file_ref idref="fl-40"/>
      </object_component>
      <object_component id="oc-4ba">
         <name>.debug_aranges</name>
         <load_address>0x960</load_address>
         <run_address>0x960</run_address>
         <size>0x20</size>
         <input_file_ref idref="fl-40"/>
      </object_component>
      <object_component id="oc-19">
         <name>.debug_line</name>
         <load_address>0x0</load_address>
         <run_address>0x0</run_address>
         <size>0x44</size>
         <input_file_ref idref="fl-2f"/>
      </object_component>
      <object_component id="oc-1e">
         <name>.debug_line</name>
         <load_address>0x44</load_address>
         <run_address>0x44</run_address>
         <size>0x50</size>
         <input_file_ref idref="fl-41"/>
      </object_component>
      <object_component id="oc-23">
         <name>.debug_line</name>
         <load_address>0x94</load_address>
         <run_address>0x94</run_address>
         <size>0x4a</size>
         <input_file_ref idref="fl-43"/>
      </object_component>
      <object_component id="oc-28">
         <name>.debug_line</name>
         <load_address>0xde</load_address>
         <run_address>0xde</run_address>
         <size>0x49</size>
         <input_file_ref idref="fl-42"/>
      </object_component>
      <object_component id="oc-32">
         <name>.debug_line</name>
         <load_address>0x127</load_address>
         <run_address>0x127</run_address>
         <size>0x3e</size>
         <input_file_ref idref="fl-40"/>
      </object_component>
      <object_component id="oc-37">
         <name>.debug_line</name>
         <load_address>0x165</load_address>
         <run_address>0x165</run_address>
         <size>0x6b</size>
         <input_file_ref idref="fl-3f"/>
      </object_component>
      <object_component id="oc-3c">
         <name>.debug_line</name>
         <load_address>0x1d0</load_address>
         <run_address>0x1d0</run_address>
         <size>0x6d</size>
         <input_file_ref idref="fl-40"/>
      </object_component>
      <object_component id="oc-41">
         <name>.debug_line</name>
         <load_address>0x23d</load_address>
         <run_address>0x23d</run_address>
         <size>0x3a</size>
         <input_file_ref idref="fl-34"/>
      </object_component>
      <object_component id="oc-47">
         <name>.debug_line</name>
         <load_address>0x277</load_address>
         <run_address>0x277</run_address>
         <size>0x42</size>
         <input_file_ref idref="fl-40"/>
      </object_component>
      <object_component id="oc-4d">
         <name>.debug_line</name>
         <load_address>0x2b9</load_address>
         <run_address>0x2b9</run_address>
         <size>0x3a</size>
         <input_file_ref idref="fl-41"/>
      </object_component>
      <object_component id="oc-54">
         <name>.debug_line</name>
         <load_address>0x2f3</load_address>
         <run_address>0x2f3</run_address>
         <size>0x34</size>
         <input_file_ref idref="fl-40"/>
      </object_component>
      <object_component id="oc-5a">
         <name>.debug_line</name>
         <load_address>0x327</load_address>
         <run_address>0x327</run_address>
         <size>0x80</size>
         <input_file_ref idref="fl-42"/>
      </object_component>
      <object_component id="oc-61">
         <name>.debug_line</name>
         <load_address>0x3a7</load_address>
         <run_address>0x3a7</run_address>
         <size>0x39</size>
         <input_file_ref idref="fl-42"/>
      </object_component>
      <object_component id="oc-65">
         <name>.debug_line</name>
         <load_address>0x3e0</load_address>
         <run_address>0x3e0</run_address>
         <size>0x2a</size>
         <input_file_ref idref="fl-2f"/>
      </object_component>
      <object_component id="oc-68">
         <name>.debug_line</name>
         <load_address>0x40a</load_address>
         <run_address>0x40a</run_address>
         <size>0x20</size>
         <input_file_ref idref="fl-2f"/>
      </object_component>
      <object_component id="oc-6d">
         <name>.debug_line</name>
         <load_address>0x42a</load_address>
         <run_address>0x42a</run_address>
         <size>0x48</size>
         <input_file_ref idref="fl-40"/>
      </object_component>
      <object_component id="oc-72">
         <name>.debug_line</name>
         <load_address>0x472</load_address>
         <run_address>0x472</run_address>
         <size>0x84</size>
         <input_file_ref idref="fl-40"/>
      </object_component>
      <object_component id="oc-77">
         <name>.debug_line</name>
         <load_address>0x4f6</load_address>
         <run_address>0x4f6</run_address>
         <size>0x74</size>
         <input_file_ref idref="fl-40"/>
      </object_component>
      <object_component id="oc-7c">
         <name>.debug_line</name>
         <load_address>0x56a</load_address>
         <run_address>0x56a</run_address>
         <size>0x47</size>
         <input_file_ref idref="fl-40"/>
      </object_component>
      <object_component id="oc-81">
         <name>.debug_line</name>
         <load_address>0x5b1</load_address>
         <run_address>0x5b1</run_address>
         <size>0x47</size>
         <input_file_ref idref="fl-40"/>
      </object_component>
      <object_component id="oc-85">
         <name>.debug_line</name>
         <load_address>0x5f8</load_address>
         <run_address>0x5f8</run_address>
         <size>0x31</size>
         <input_file_ref idref="fl-40"/>
      </object_component>
      <object_component id="oc-89">
         <name>.debug_line</name>
         <load_address>0x629</load_address>
         <run_address>0x629</run_address>
         <size>0x40</size>
         <input_file_ref idref="fl-33"/>
      </object_component>
      <object_component id="oc-90">
         <name>.debug_line</name>
         <load_address>0x669</load_address>
         <run_address>0x669</run_address>
         <size>0x241</size>
         <input_file_ref idref="fl-40"/>
      </object_component>
      <object_component id="oc-98">
         <name>.debug_line</name>
         <load_address>0x8aa</load_address>
         <run_address>0x8aa</run_address>
         <size>0x44</size>
         <input_file_ref idref="fl-40"/>
      </object_component>
      <object_component id="oc-9d">
         <name>.debug_line</name>
         <load_address>0x8ee</load_address>
         <run_address>0x8ee</run_address>
         <size>0x44</size>
         <input_file_ref idref="fl-41"/>
      </object_component>
      <object_component id="oc-a1">
         <name>.debug_line</name>
         <load_address>0x932</load_address>
         <run_address>0x932</run_address>
         <size>0x20</size>
         <input_file_ref idref="fl-41"/>
      </object_component>
      <object_component id="oc-a3">
         <name>.debug_line</name>
         <load_address>0x952</load_address>
         <run_address>0x952</run_address>
         <size>0x20</size>
         <input_file_ref idref="fl-43"/>
      </object_component>
      <object_component id="oc-a6">
         <name>.debug_line</name>
         <load_address>0x972</load_address>
         <run_address>0x972</run_address>
         <size>0x20</size>
         <input_file_ref idref="fl-42"/>
      </object_component>
      <object_component id="oc-a9">
         <name>.debug_line</name>
         <load_address>0x992</load_address>
         <run_address>0x992</run_address>
         <size>0x5a</size>
         <input_file_ref idref="fl-40"/>
      </object_component>
      <object_component id="oc-ca">
         <name>.debug_line</name>
         <load_address>0x9ec</load_address>
         <run_address>0x9ec</run_address>
         <size>0x5c</size>
         <input_file_ref idref="fl-40"/>
      </object_component>
      <object_component id="oc-d0">
         <name>.debug_line</name>
         <load_address>0xa48</load_address>
         <run_address>0xa48</run_address>
         <size>0x13b</size>
         <input_file_ref idref="fl-12"/>
      </object_component>
      <object_component id="oc-d6">
         <name>.debug_line</name>
         <load_address>0xb83</load_address>
         <run_address>0xb83</run_address>
         <size>0x16c</size>
         <input_file_ref idref="fl-40"/>
      </object_component>
      <object_component id="oc-d9">
         <name>.debug_line</name>
         <load_address>0xcef</load_address>
         <run_address>0xcef</run_address>
         <size>0x36</size>
         <input_file_ref idref="fl-40"/>
      </object_component>
      <object_component id="oc-de">
         <name>.debug_line</name>
         <load_address>0xd25</load_address>
         <run_address>0xd25</run_address>
         <size>0x34</size>
         <input_file_ref idref="fl-40"/>
      </object_component>
      <object_component id="oc-e3">
         <name>.debug_line</name>
         <load_address>0xd59</load_address>
         <run_address>0xd59</run_address>
         <size>0x34</size>
         <input_file_ref idref="fl-40"/>
      </object_component>
      <object_component id="oc-e8">
         <name>.debug_line</name>
         <load_address>0xd8d</load_address>
         <run_address>0xd8d</run_address>
         <size>0x35</size>
         <input_file_ref idref="fl-40"/>
      </object_component>
      <object_component id="oc-ed">
         <name>.debug_line</name>
         <load_address>0xdc2</load_address>
         <run_address>0xdc2</run_address>
         <size>0x35</size>
         <input_file_ref idref="fl-40"/>
      </object_component>
      <object_component id="oc-f2">
         <name>.debug_line</name>
         <load_address>0xdf7</load_address>
         <run_address>0xdf7</run_address>
         <size>0x36</size>
         <input_file_ref idref="fl-40"/>
      </object_component>
      <object_component id="oc-f7">
         <name>.debug_line</name>
         <load_address>0xe2d</load_address>
         <run_address>0xe2d</run_address>
         <size>0x35</size>
         <input_file_ref idref="fl-40"/>
      </object_component>
      <object_component id="oc-fc">
         <name>.debug_line</name>
         <load_address>0xe62</load_address>
         <run_address>0xe62</run_address>
         <size>0x34</size>
         <input_file_ref idref="fl-40"/>
      </object_component>
      <object_component id="oc-101">
         <name>.debug_line</name>
         <load_address>0xe96</load_address>
         <run_address>0xe96</run_address>
         <size>0x35</size>
         <input_file_ref idref="fl-40"/>
      </object_component>
      <object_component id="oc-106">
         <name>.debug_line</name>
         <load_address>0xecb</load_address>
         <run_address>0xecb</run_address>
         <size>0x33</size>
         <input_file_ref idref="fl-40"/>
      </object_component>
      <object_component id="oc-10b">
         <name>.debug_line</name>
         <load_address>0xefe</load_address>
         <run_address>0xefe</run_address>
         <size>0x34</size>
         <input_file_ref idref="fl-40"/>
      </object_component>
      <object_component id="oc-110">
         <name>.debug_line</name>
         <load_address>0xf32</load_address>
         <run_address>0xf32</run_address>
         <size>0x37</size>
         <input_file_ref idref="fl-40"/>
      </object_component>
      <object_component id="oc-115">
         <name>.debug_line</name>
         <load_address>0xf69</load_address>
         <run_address>0xf69</run_address>
         <size>0x2e</size>
         <input_file_ref idref="fl-3f"/>
      </object_component>
      <object_component id="oc-118">
         <name>.debug_line</name>
         <load_address>0xf97</load_address>
         <run_address>0xf97</run_address>
         <size>0x2e</size>
         <input_file_ref idref="fl-3f"/>
      </object_component>
      <object_component id="oc-11e">
         <name>.debug_line</name>
         <load_address>0xfc5</load_address>
         <run_address>0xfc5</run_address>
         <size>0x5a</size>
         <input_file_ref idref="fl-40"/>
      </object_component>
      <object_component id="oc-13c">
         <name>.debug_line</name>
         <load_address>0x101f</load_address>
         <run_address>0x101f</run_address>
         <size>0x5f</size>
         <input_file_ref idref="fl-40"/>
      </object_component>
      <object_component id="oc-141">
         <name>.debug_line</name>
         <load_address>0x107e</load_address>
         <run_address>0x107e</run_address>
         <size>0x56</size>
         <input_file_ref idref="fl-40"/>
      </object_component>
      <object_component id="oc-149">
         <name>.debug_line</name>
         <load_address>0x10d4</load_address>
         <run_address>0x10d4</run_address>
         <size>0x54</size>
         <input_file_ref idref="fl-40"/>
      </object_component>
      <object_component id="oc-14e">
         <name>.debug_line</name>
         <load_address>0x1128</load_address>
         <run_address>0x1128</run_address>
         <size>0xa9</size>
         <input_file_ref idref="fl-40"/>
      </object_component>
      <object_component id="oc-159">
         <name>.debug_line</name>
         <load_address>0x11d1</load_address>
         <run_address>0x11d1</run_address>
         <size>0xe0</size>
         <input_file_ref idref="fl-40"/>
      </object_component>
      <object_component id="oc-15e">
         <name>.debug_line</name>
         <load_address>0x12b1</load_address>
         <run_address>0x12b1</run_address>
         <size>0x176</size>
         <input_file_ref idref="fl-40"/>
      </object_component>
      <object_component id="oc-163">
         <name>.debug_line</name>
         <load_address>0x1427</load_address>
         <run_address>0x1427</run_address>
         <size>0xaa</size>
         <input_file_ref idref="fl-40"/>
      </object_component>
      <object_component id="oc-168">
         <name>.debug_line</name>
         <load_address>0x14d1</load_address>
         <run_address>0x14d1</run_address>
         <size>0xa4</size>
         <input_file_ref idref="fl-40"/>
      </object_component>
      <object_component id="oc-16e">
         <name>.debug_line</name>
         <load_address>0x1575</load_address>
         <run_address>0x1575</run_address>
         <size>0x13a</size>
         <input_file_ref idref="fl-40"/>
      </object_component>
      <object_component id="oc-173">
         <name>.debug_line</name>
         <load_address>0x16af</load_address>
         <run_address>0x16af</run_address>
         <size>0xe6</size>
         <input_file_ref idref="fl-40"/>
      </object_component>
      <object_component id="oc-179">
         <name>.debug_line</name>
         <load_address>0x1795</load_address>
         <run_address>0x1795</run_address>
         <size>0x154</size>
         <input_file_ref idref="fl-40"/>
      </object_component>
      <object_component id="oc-17f">
         <name>.debug_line</name>
         <load_address>0x18e9</load_address>
         <run_address>0x18e9</run_address>
         <size>0xab</size>
         <input_file_ref idref="fl-40"/>
      </object_component>
      <object_component id="oc-186">
         <name>.debug_line</name>
         <load_address>0x1994</load_address>
         <run_address>0x1994</run_address>
         <size>0x58</size>
         <input_file_ref idref="fl-40"/>
      </object_component>
      <object_component id="oc-18b">
         <name>.debug_line</name>
         <load_address>0x19ec</load_address>
         <run_address>0x19ec</run_address>
         <size>0x6f</size>
         <input_file_ref idref="fl-40"/>
      </object_component>
      <object_component id="oc-19d">
         <name>.debug_line</name>
         <load_address>0x1a5b</load_address>
         <run_address>0x1a5b</run_address>
         <size>0x31</size>
         <input_file_ref idref="fl-40"/>
      </object_component>
      <object_component id="oc-1a0">
         <name>.debug_line</name>
         <load_address>0x1a8c</load_address>
         <run_address>0x1a8c</run_address>
         <size>0x35</size>
         <input_file_ref idref="fl-40"/>
      </object_component>
      <object_component id="oc-1a2">
         <name>.debug_line</name>
         <load_address>0x1ac1</load_address>
         <run_address>0x1ac1</run_address>
         <size>0x35</size>
         <input_file_ref idref="fl-40"/>
      </object_component>
      <object_component id="oc-1ae">
         <name>.debug_line</name>
         <load_address>0x1af6</load_address>
         <run_address>0x1af6</run_address>
         <size>0x44</size>
         <input_file_ref idref="fl-40"/>
      </object_component>
      <object_component id="oc-1b7">
         <name>.debug_line</name>
         <load_address>0x1b3a</load_address>
         <run_address>0x1b3a</run_address>
         <size>0x4e</size>
         <input_file_ref idref="fl-35"/>
      </object_component>
      <object_component id="oc-1bc">
         <name>.debug_line</name>
         <load_address>0x1b88</load_address>
         <run_address>0x1b88</run_address>
         <size>0x6b</size>
         <input_file_ref idref="fl-40"/>
      </object_component>
      <object_component id="oc-1c1">
         <name>.debug_line</name>
         <load_address>0x1bf3</load_address>
         <run_address>0x1bf3</run_address>
         <size>0x71</size>
         <input_file_ref idref="fl-40"/>
      </object_component>
      <object_component id="oc-1cc">
         <name>.debug_line</name>
         <load_address>0x1c64</load_address>
         <run_address>0x1c64</run_address>
         <size>0xdc</size>
         <input_file_ref idref="fl-40"/>
      </object_component>
      <object_component id="oc-1e0">
         <name>.debug_line</name>
         <load_address>0x1d40</load_address>
         <run_address>0x1d40</run_address>
         <size>0xaf</size>
         <input_file_ref idref="fl-40"/>
      </object_component>
      <object_component id="oc-1e7">
         <name>.debug_line</name>
         <load_address>0x1def</load_address>
         <run_address>0x1def</run_address>
         <size>0x6e</size>
         <input_file_ref idref="fl-40"/>
      </object_component>
      <object_component id="oc-1f5">
         <name>.debug_line</name>
         <load_address>0x1e5d</load_address>
         <run_address>0x1e5d</run_address>
         <size>0x4c</size>
         <input_file_ref idref="fl-40"/>
      </object_component>
      <object_component id="oc-21b">
         <name>.debug_line</name>
         <load_address>0x1ea9</load_address>
         <run_address>0x1ea9</run_address>
         <size>0x7c</size>
         <input_file_ref idref="fl-40"/>
      </object_component>
      <object_component id="oc-221">
         <name>.debug_line</name>
         <load_address>0x1f25</load_address>
         <run_address>0x1f25</run_address>
         <size>0x7d</size>
         <input_file_ref idref="fl-40"/>
      </object_component>
      <object_component id="oc-22a">
         <name>.debug_line</name>
         <load_address>0x1fa2</load_address>
         <run_address>0x1fa2</run_address>
         <size>0x51</size>
         <input_file_ref idref="fl-40"/>
      </object_component>
      <object_component id="oc-232">
         <name>.debug_line</name>
         <load_address>0x1ff3</load_address>
         <run_address>0x1ff3</run_address>
         <size>0x65</size>
         <input_file_ref idref="fl-37"/>
      </object_component>
      <object_component id="oc-236">
         <name>.debug_line</name>
         <load_address>0x2058</load_address>
         <run_address>0x2058</run_address>
         <size>0x5e</size>
         <input_file_ref idref="fl-36"/>
      </object_component>
      <object_component id="oc-240">
         <name>.debug_line</name>
         <load_address>0x20b6</load_address>
         <run_address>0x20b6</run_address>
         <size>0x122</size>
         <input_file_ref idref="fl-40"/>
      </object_component>
      <object_component id="oc-24e">
         <name>.debug_line</name>
         <load_address>0x21d8</load_address>
         <run_address>0x21d8</run_address>
         <size>0x5a</size>
         <input_file_ref idref="fl-40"/>
      </object_component>
      <object_component id="oc-25c">
         <name>.debug_line</name>
         <load_address>0x2232</load_address>
         <run_address>0x2232</run_address>
         <size>0x77</size>
         <input_file_ref idref="fl-40"/>
      </object_component>
      <object_component id="oc-267">
         <name>.debug_line</name>
         <load_address>0x22a9</load_address>
         <run_address>0x22a9</run_address>
         <size>0x72</size>
         <input_file_ref idref="fl-40"/>
      </object_component>
      <object_component id="oc-279">
         <name>.debug_line</name>
         <load_address>0x231b</load_address>
         <run_address>0x231b</run_address>
         <size>0x6c</size>
         <input_file_ref idref="fl-40"/>
      </object_component>
      <object_component id="oc-285">
         <name>.debug_line</name>
         <load_address>0x2387</load_address>
         <run_address>0x2387</run_address>
         <size>0x184</size>
         <input_file_ref idref="fl-40"/>
      </object_component>
      <object_component id="oc-297">
         <name>.debug_line</name>
         <load_address>0x250b</load_address>
         <run_address>0x250b</run_address>
         <size>0x9f</size>
         <input_file_ref idref="fl-40"/>
      </object_component>
      <object_component id="oc-2a7">
         <name>.debug_line</name>
         <load_address>0x25aa</load_address>
         <run_address>0x25aa</run_address>
         <size>0x111</size>
         <input_file_ref idref="fl-40"/>
      </object_component>
      <object_component id="oc-2db">
         <name>.debug_line</name>
         <load_address>0x26bb</load_address>
         <run_address>0x26bb</run_address>
         <size>0x82</size>
         <input_file_ref idref="fl-40"/>
      </object_component>
      <object_component id="oc-2e3">
         <name>.debug_line</name>
         <load_address>0x273d</load_address>
         <run_address>0x273d</run_address>
         <size>0x4b</size>
         <input_file_ref idref="fl-40"/>
      </object_component>
      <object_component id="oc-2f9">
         <name>.debug_line</name>
         <load_address>0x2788</load_address>
         <run_address>0x2788</run_address>
         <size>0x103</size>
         <input_file_ref idref="fl-40"/>
      </object_component>
      <object_component id="oc-31a">
         <name>.debug_line</name>
         <load_address>0x288b</load_address>
         <run_address>0x288b</run_address>
         <size>0x7b</size>
         <input_file_ref idref="fl-40"/>
      </object_component>
      <object_component id="oc-324">
         <name>.debug_line</name>
         <load_address>0x2906</load_address>
         <run_address>0x2906</run_address>
         <size>0x34</size>
         <input_file_ref idref="fl-40"/>
      </object_component>
      <object_component id="oc-329">
         <name>.debug_line</name>
         <load_address>0x293a</load_address>
         <run_address>0x293a</run_address>
         <size>0x4e</size>
         <input_file_ref idref="fl-2e"/>
      </object_component>
      <object_component id="oc-32c">
         <name>.debug_line</name>
         <load_address>0x2988</load_address>
         <run_address>0x2988</run_address>
         <size>0x42</size>
         <input_file_ref idref="fl-3a"/>
      </object_component>
      <object_component id="oc-336">
         <name>.debug_line</name>
         <load_address>0x29ca</load_address>
         <run_address>0x29ca</run_address>
         <size>0x86</size>
         <input_file_ref idref="fl-40"/>
      </object_component>
      <object_component id="oc-36d">
         <name>.debug_line</name>
         <load_address>0x2a50</load_address>
         <run_address>0x2a50</run_address>
         <size>0x4b</size>
         <input_file_ref idref="fl-3b"/>
      </object_component>
      <object_component id="oc-372">
         <name>.debug_line</name>
         <load_address>0x2a9b</load_address>
         <run_address>0x2a9b</run_address>
         <size>0x31</size>
         <input_file_ref idref="fl-40"/>
      </object_component>
      <object_component id="oc-3a2">
         <name>.debug_line</name>
         <load_address>0x2acc</load_address>
         <run_address>0x2acc</run_address>
         <size>0x93</size>
         <input_file_ref idref="fl-40"/>
      </object_component>
      <object_component id="oc-3df">
         <name>.debug_line</name>
         <load_address>0x2b5f</load_address>
         <run_address>0x2b5f</run_address>
         <size>0x62</size>
         <input_file_ref idref="fl-40"/>
      </object_component>
      <object_component id="oc-404">
         <name>.debug_line</name>
         <load_address>0x2bc1</load_address>
         <run_address>0x2bc1</run_address>
         <size>0x4c</size>
         <input_file_ref idref="fl-40"/>
      </object_component>
      <object_component id="oc-428">
         <name>.debug_line</name>
         <load_address>0x2c0d</load_address>
         <run_address>0x2c0d</run_address>
         <size>0x89</size>
         <input_file_ref idref="fl-40"/>
      </object_component>
      <object_component id="oc-434">
         <name>.debug_line</name>
         <load_address>0x2c96</load_address>
         <run_address>0x2c96</run_address>
         <size>0x50</size>
         <input_file_ref idref="fl-40"/>
      </object_component>
      <object_component id="oc-448">
         <name>.debug_line</name>
         <load_address>0x2ce6</load_address>
         <run_address>0x2ce6</run_address>
         <size>0x9b</size>
         <input_file_ref idref="fl-40"/>
      </object_component>
      <object_component id="oc-485">
         <name>.debug_line</name>
         <load_address>0x2d81</load_address>
         <run_address>0x2d81</run_address>
         <size>0x34</size>
         <input_file_ref idref="fl-40"/>
      </object_component>
      <object_component id="oc-487">
         <name>.debug_line</name>
         <load_address>0x2db5</load_address>
         <run_address>0x2db5</run_address>
         <size>0x34</size>
         <input_file_ref idref="fl-40"/>
      </object_component>
      <object_component id="oc-48b">
         <name>.debug_line</name>
         <load_address>0x2de9</load_address>
         <run_address>0x2de9</run_address>
         <size>0x36</size>
         <input_file_ref idref="fl-40"/>
      </object_component>
      <object_component id="oc-48f">
         <name>.debug_line</name>
         <load_address>0x2e1f</load_address>
         <run_address>0x2e1f</run_address>
         <size>0x37</size>
         <input_file_ref idref="fl-40"/>
      </object_component>
      <object_component id="oc-491">
         <name>.debug_line</name>
         <load_address>0x2e56</load_address>
         <run_address>0x2e56</run_address>
         <size>0x37</size>
         <input_file_ref idref="fl-40"/>
      </object_component>
      <object_component id="oc-4b8">
         <name>.debug_line</name>
         <load_address>0x2e8d</load_address>
         <run_address>0x2e8d</run_address>
         <size>0x45</size>
         <input_file_ref idref="fl-40"/>
      </object_component>
      <object_component id="oc-1a">
         <name>.debug_frame</name>
         <load_address>0x0</load_address>
         <run_address>0x0</run_address>
         <size>0x42</size>
         <input_file_ref idref="fl-2f"/>
      </object_component>
      <object_component id="oc-1f">
         <name>.debug_frame</name>
         <load_address>0x42</load_address>
         <run_address>0x42</run_address>
         <size>0x47</size>
         <input_file_ref idref="fl-41"/>
      </object_component>
      <object_component id="oc-24">
         <name>.debug_frame</name>
         <load_address>0x89</load_address>
         <run_address>0x89</run_address>
         <size>0x47</size>
         <input_file_ref idref="fl-43"/>
      </object_component>
      <object_component id="oc-29">
         <name>.debug_frame</name>
         <load_address>0xd0</load_address>
         <run_address>0xd0</run_address>
         <size>0x47</size>
         <input_file_ref idref="fl-42"/>
      </object_component>
      <object_component id="oc-33">
         <name>.debug_frame</name>
         <load_address>0x117</load_address>
         <run_address>0x117</run_address>
         <size>0x47</size>
         <input_file_ref idref="fl-40"/>
      </object_component>
      <object_component id="oc-38">
         <name>.debug_frame</name>
         <load_address>0x15e</load_address>
         <run_address>0x15e</run_address>
         <size>0x51</size>
         <input_file_ref idref="fl-3f"/>
      </object_component>
      <object_component id="oc-3d">
         <name>.debug_frame</name>
         <load_address>0x1af</load_address>
         <run_address>0x1af</run_address>
         <size>0x48</size>
         <input_file_ref idref="fl-40"/>
      </object_component>
      <object_component id="oc-42">
         <name>.debug_frame</name>
         <load_address>0x1f7</load_address>
         <run_address>0x1f7</run_address>
         <size>0x47</size>
         <input_file_ref idref="fl-34"/>
      </object_component>
      <object_component id="oc-48">
         <name>.debug_frame</name>
         <load_address>0x23e</load_address>
         <run_address>0x23e</run_address>
         <size>0x47</size>
         <input_file_ref idref="fl-40"/>
      </object_component>
      <object_component id="oc-5b">
         <name>.debug_frame</name>
         <load_address>0x285</load_address>
         <run_address>0x285</run_address>
         <size>0x51</size>
         <input_file_ref idref="fl-42"/>
      </object_component>
      <object_component id="oc-6e">
         <name>.debug_frame</name>
         <load_address>0x2d6</load_address>
         <run_address>0x2d6</run_address>
         <size>0x60</size>
         <input_file_ref idref="fl-40"/>
      </object_component>
      <object_component id="oc-73">
         <name>.debug_frame</name>
         <load_address>0x336</load_address>
         <run_address>0x336</run_address>
         <size>0x6d</size>
         <input_file_ref idref="fl-40"/>
      </object_component>
      <object_component id="oc-78">
         <name>.debug_frame</name>
         <load_address>0x3a3</load_address>
         <run_address>0x3a3</run_address>
         <size>0x6b</size>
         <input_file_ref idref="fl-40"/>
      </object_component>
      <object_component id="oc-7d">
         <name>.debug_frame</name>
         <load_address>0x40e</load_address>
         <run_address>0x40e</run_address>
         <size>0x47</size>
         <input_file_ref idref="fl-40"/>
      </object_component>
      <object_component id="oc-82">
         <name>.debug_frame</name>
         <load_address>0x455</load_address>
         <run_address>0x455</run_address>
         <size>0x74</size>
         <input_file_ref idref="fl-40"/>
      </object_component>
      <object_component id="oc-91">
         <name>.debug_frame</name>
         <load_address>0x4c9</load_address>
         <run_address>0x4c9</run_address>
         <size>0x4e</size>
         <input_file_ref idref="fl-40"/>
      </object_component>
      <object_component id="oc-aa">
         <name>.debug_frame</name>
         <load_address>0x517</load_address>
         <run_address>0x517</run_address>
         <size>0x4d</size>
         <input_file_ref idref="fl-40"/>
[...]
      </symbol>
      <symbol id="sm-fd">
         <name>_reset_vector</name>
         <value>0xeffe</value>
         <object_component_ref idref="oc-2d"/>
      </symbol>
      <symbol id="sm-105">
         <name>__mspabi_func_epilog_2</name>
         <value>0xeee0</value>
         <object_component_ref idref="oc-88"/>
      </symbol>
      <symbol id="sm-106">
         <name>__mspabi_func_epilog_3</name>
         <value>0xeede</value>
         <object_component_ref idref="oc-88"/>
      </symbol>
      <symbol id="sm-107">
         <name>__mspabi_func_epilog_1</name>
         <value>0xeee2</value>
         <object_component_ref idref="oc-88"/>
      </symbol>
      <symbol id="sm-108">
         <name>__mspabi_func_epilog_6</name>
         <value>0xeed8</value>
         <object_component_ref idref="oc-88"/>
      </symbol>
      <symbol id="sm-109">
         <name>__mspabi_func_epilog_7</name>
         <value>0xeed6</value>
         <object_component_ref idref="oc-88"/>
      </symbol>
      <symbol id="sm-10a">
         <name>__mspabi_func_epilog_4</name>
         <value>0xeedc</value>
         <object_component_ref idref="oc-88"/>
      </symbol>
      <symbol id="sm-10b">
         <name>__mspabi_func_epilog_5</name>
         <value>0xeeda</value>
         <object_component_ref idref="oc-88"/>
      </symbol>
      <symbol id="sm-114">
         <name>C$$EXIT</name>
         <value>0xef00</value>
         <object_component_ref idref="oc-3f"/>
      </symbol>
      <symbol id="sm-115">
         <name>abort</name>
         <value>0xef00</value>
         <object_component_ref idref="oc-3f"/>
      </symbol>
      <symbol id="sm-11c">
         <name>__mspabi_slli</name>
         <value>0xed14</value>
         <object_component_ref idref="oc-1b6"/>
      </symbol>
      <symbol id="sm-11d">
         <name>__mspabi_slli_9</name>
         <value>0xed2c</value>
         <object_component_ref idref="oc-1b6"/>
      </symbol>
      <symbol id="sm-11e">
         <name>__mspabi_slli_8</name>
         <value>0xed2e</value>
         <object_component_ref idref="oc-1b6"/>
      </symbol>
      <symbol id="sm-11f">
         <name>__mspabi_slli_7</name>
         <value>0xed30</value>
         <object_component_ref idref="oc-1b6"/>
      </symbol>
      <symbol id="sm-120">
         <name>__mspabi_slli_6</name>
         <value>0xed32</value>
         <object_component_ref idref="oc-1b6"/>
      </symbol>
      <symbol id="sm-121">
         <name>__mspabi_slli_5</name>
         <value>0xed34</value>
         <object_component_ref idref="oc-1b6"/>
      </symbol>
      <symbol id="sm-122">
         <name>__mspabi_slli_4</name>
         <value>0xed36</value>
         <object_component_ref idref="oc-1b6"/>
      </symbol>
      <symbol id="sm-123">
         <name>__mspabi_slli_3</name>
         <value>0xed38</value>
         <object_component_ref idref="oc-1b6"/>
      </symbol>
      <symbol id="sm-124">
         <name>__mspabi_slli_2</name>
         <value>0xed3a</value>
         <object_component_ref idref="oc-1b6"/>
      </symbol>
      <symbol id="sm-125">
         <name>__mspabi_slli_1</name>
         <value>0xed3c</value>
         <object_component_ref idref="oc-1b6"/>
      </symbol>
      <symbol id="sm-126">
         <name>__mspabi_slli_15</name>
         <value>0xed20</value>
         <object_component_ref idref="oc-1b6"/>
      </symbol>
      <symbol id="sm-127">
         <name>__mspabi_slli_14</name>
         <value>0xed22</value>
         <object_component_ref idref="oc-1b6"/>
      </symbol>
      <symbol id="sm-128">
         <name>__mspabi_slli_13</name>
         <value>0xed24</value>
         <object_component_ref idref="oc-1b6"/>
      </symbol>
      <symbol id="sm-129">
         <name>__mspabi_slli_12</name>
         <value>0xed26</value>
         <object_component_ref idref="oc-1b6"/>
      </symbol>
      <symbol id="sm-12a">
         <name>__mspabi_slli_11</name>
         <value>0xed28</value>
         <object_component_ref idref="oc-1b6"/>
      </symbol>
      <symbol id="sm-12b">
         <name>__mspabi_slli_10</name>
         <value>0xed2a</value>
         <object_component_ref idref="oc-1b6"/>
      </symbol>
      <symbol id="sm-132">
         <name>__mspabi_srli_8</name>
         <value>0xeaf8</value>
         <object_component_ref idref="oc-234"/>
      </symbol>
      <symbol id="sm-133">
         <name>__mspabi_srli_9</name>
         <value>0xeaf4</value>
         <object_component_ref idref="oc-234"/>
      </symbol>
      <symbol id="sm-134">
         <name>__mspabi_srli_6</name>
         <value>0xeb00</value>
         <object_component_ref idref="oc-234"/>
      </symbol>
      <symbol id="sm-135">
         <name>__mspabi_srli_7</name>
         <value>0xeafc</value>
         <object_component_ref idref="oc-234"/>
      </symbol>
      <symbol id="sm-136">
         <name>__mspabi_srli_4</name>
         <value>0xeb08</value>
         <object_component_ref idref="oc-234"/>
      </symbol>
      <symbol id="sm-137">
         <name>__mspabi_srli_5</name>
         <value>0xeb04</value>
         <object_component_ref idref="oc-234"/>
      </symbol>
      <symbol id="sm-138">
         <name>__mspabi_srli_2</name>
         <value>0xeb10</value>
         <object_component_ref idref="oc-234"/>
      </symbol>
      <symbol id="sm-139">
         <name>__mspabi_srli_3</name>
         <value>0xeb0c</value>
         <object_component_ref idref="oc-234"/>
      </symbol>
      <symbol id="sm-13a">
         <name>__mspabi_srli_1</name>
         <value>0xeb14</value>
         <object_component_ref idref="oc-234"/>
      </symbol>
      <symbol id="sm-13b">
         <name>__mspabi_srli</name>
         <value>0xeace</value>
         <object_component_ref idref="oc-234"/>
      </symbol>
      <symbol id="sm-13c">
         <name>__mspabi_srli_15</name>
         <value>0xeadc</value>
         <object_component_ref idref="oc-234"/>
      </symbol>
      <symbol id="sm-13d">
         <name>__mspabi_srli_14</name>
         <value>0xeae0</value>
         <object_component_ref idref="oc-234"/>
      </symbol>
      <symbol id="sm-13e">
         <name>__mspabi_srli_13</name>
         <value>0xeae4</value>
         <object_component_ref idref="oc-234"/>
      </symbol>
      <symbol id="sm-13f">
         <name>__mspabi_srli_12</name>
         <value>0xeae8</value>
         <object_component_ref idref="oc-234"/>
      </symbol>
      <symbol id="sm-140">
         <name>__mspabi_srli_11</name>
         <value>0xeaec</value>
         <object_component_ref idref="oc-234"/>
      </symbol>
      <symbol id="sm-141">
         <name>__mspabi_srli_10</name>
         <value>0xeaf0</value>
         <object_component_ref idref="oc-234"/>
      </symbol>
      <symbol id="sm-148">
         <name>__mspabi_srll_8</name>
         <value>0xe994</value>
         <object_component_ref idref="oc-230"/>
      </symbol>
      <symbol id="sm-149">
         <name>__mspabi_srll_9</name>
         <value>0xe98e</value>
         <object_component_ref idref="oc-230"/>
      </symbol>
      <symbol id="sm-14a">
         <name>__mspabi_srll_6</name>
         <value>0xe9a0</value>
         <object_component_ref idref="oc-230"/>
      </symbol>
      <symbol id="sm-14b">
         <name>__mspabi_srll_7</name>
         <value>0xe99a</value>
         <object_component_ref idref="oc-230"/>
      </symbol>
      <symbol id="sm-14c">
         <name>__mspabi_srll_4</name>
         <value>0xe9ac</value>
         <object_component_ref idref="oc-230"/>
      </symbol>
      <symbol id="sm-14d">
         <name>__mspabi_srll_5</name>
         <value>0xe9a6</value>
         <object_component_ref idref="oc-230"/>
      </symbol>
      <symbol id="sm-14e">
         <name>__mspabi_srll_2</name>
         <value>0xe9b8</value>
         <object_component_ref idref="oc-230"/>
      </symbol>
      <symbol id="sm-14f">
         <name>__mspabi_srll_3</name>
         <value>0xe9b2</value>
         <object_component_ref idref="oc-230"/>
      </symbol>
      <symbol id="sm-150">
         <name>__mspabi_srll_1</name>
         <value>0xe9be</value>
         <object_component_ref idref="oc-230"/>
      </symbol>
      <symbol id="sm-151">
         <name>__mspabi_srll_15</name>
         <value>0xe96a</value>
         <object_component_ref idref="oc-230"/>
      </symbol>
      <symbol id="sm-152">
         <name>__mspabi_srll_14</name>
         <value>0xe970</value>
         <object_component_ref idref="oc-230"/>
      </symbol>
      <symbol id="sm-153">
         <name>__mspabi_srll_13</name>
         <value>0xe976</value>
         <object_component_ref idref="oc-230"/>
      </symbol>
      <symbol id="sm-154">
         <name>__mspabi_srll_12</name>
         <value>0xe97c</value>
         <object_component_ref idref="oc-230"/>
      </symbol>
      <symbol id="sm-155">
         <name>__mspabi_srll_11</name>
         <value>0xe982</value>
         <object_component_ref idref="oc-230"/>
      </symbol>
      <symbol id="sm-156">
         <name>__mspabi_srll_10</name>
         <value>0xe988</value>
         <object_component_ref idref="oc-230"/>
      </symbol>
      <symbol id="sm-15f">
         <name>__mspabi_mpyi</name>
         <value>0xee8e</value>
         <object_component_ref idref="oc-32a"/>
      </symbol>
      <symbol id="sm-168">
         <name>__mspabi_mpyl</name>
         <value>0xed6a</value>
         <object_component_ref idref="oc-36b"/>
      </symbol>
      <symbol id="sm-17e">
         <name>_auto_init</name>
         <value>0xe90c</value>
         <object_component_ref idref="oc-35"/>
      </symbol>
      <symbol id="sm-4a3">
         <name>wsData</name>
         <value>0x200</value>
      </symbol>
      <symbol id="sm-4a4">
         <name>sysExecData</name>
         <value>0x33a</value>
      </symbol>
      <symbol id="sm-4a5">
         <name>stData</name>
         <value>0x278</value>
      </symbol>
      <symbol id="sm-4a6">
         <name>otaData</name>
         <value>0x2ea</value>
      </symbol>
      <symbol id="sm-4a7">
         <name>dbgData</name>
         <value>0x306</value>
      </symbol>
      <symbol id="sm-4a8">
         <name>msgData</name>
         <value>0x2cc</value>
      </symbol>
      <symbol id="sm-4a9">
         <name>mwBatchData</name>
         <value>0x316</value>
      </symbol>
      <symbol id="sm-4aa">
         <name>mlData</name>
         <value>0x332</value>
      </symbol>
      <symbol id="sm-4ab">
         <name>mcData</name>
         <value>0x2a4</value>
      </symbol>
      <symbol id="sm-4ac">
         <name>week2Log</name>
         <value>0xc400</value>
         <object_component_ref idref="oc-321"/>
      </symbol>
      <symbol id="sm-4ad">
         <name>msp430Flash_erase_segment</name>
         <value>0xea76</value>
         <object_component_ref idref="oc-a7"/>
      </symbol>
      <symbol id="sm-4ae">
         <name>getBinTime</name>
         <value>0xe364</value>
         <object_component_ref idref="oc-1ba"/>
      </symbol>
      <symbol id="sm-4af">
         <name>modemLink_restart</name>
         <value>0xedf6</value>
         <object_component_ref idref="oc-3dd"/>
      </symbol>
      <symbol id="sm-4b0">
         <name>USCI0RX_ISR</name>
         <value>0xe9c6</value>
         <object_component_ref idref="oc-75"/>
      </symbol>
      <symbol id="sm-4b1">
         <name>USCI0TX_ISR</name>
         <value>0xe16a</value>
         <object_component_ref idref="oc-70"/>
      </symbol>
      <symbol id="sm-4b2">
         <name>sysExec_exec</name>
         <value>0xccf6</value>
         <object_component_ref idref="oc-8e"/>
      </symbol>
      <symbol id="sm-4b3">
         <name>pad5</name>
         <value>0xef4e</value>
         <object_component_ref idref="oc-332"/>
      </symbol>
      <symbol id="sm-4b4">
         <name>pad4</name>
         <value>0xef44</value>
         <object_component_ref idref="oc-332"/>
      </symbol>
      <symbol id="sm-4b5">
         <name>pad3</name>
         <value>0xef3a</value>
         <object_component_ref idref="oc-332"/>
      </symbol>
      <symbol id="sm-4b6">
         <name>pad2</name>
         <value>0xef30</value>
         <object_component_ref idref="oc-332"/>
      </symbol>
      <symbol id="sm-4b7">
         <name>pad1</name>
         <value>0xef26</value>
         <object_component_ref idref="oc-332"/>
      </symbol>
      <symbol id="sm-4b8">
         <name>pad0</name>
         <value>0xef1c</value>
         <object_component_ref idref="oc-332"/>
      </symbol>
      <symbol id="sm-4b9">
         <name>dbgMsgMgr_sendDebugMsg</name>
         <value>0xeb9e</value>
         <object_component_ref idref="oc-189"/>
      </symbol>
      <symbol id="sm-4ba">
         <name>memcpy</name>
         <value>0xeec6</value>
         <object_component_ref idref="oc-45"/>
      </symbol>
      <symbol id="sm-4bb">
         <name>dataMsgMgr_exec</name>
         <value>0xe226</value>
         <object_component_ref idref="oc-166"/>
      </symbol>
      <symbol id="sm-4bc">
         <name>sysError</name>
         <value>0xeee6</value>
         <object_component_ref idref="oc-1ac"/>
      </symbol>
      <symbol id="sm-4bd">
         <name>modemCmd_write</name>
         <value>0xcad0</value>
         <object_component_ref idref="oc-2f7"/>
      </symbol>
      <symbol id="sm-4be">
         <name>Dummy_Isr</name>
         <value>0xee12</value>
         <object_component_ref idref="oc-6b"/>
      </symbol>
      <symbol id="sm-4bf">
         <name>dataMsgSm_stateMachine</name>
         <value>0xd8e8</value>
         <object_component_ref idref="oc-283"/>
      </symbol>
      <symbol id="sm-4c0">
         <name>memset</name>
         <value>0xeeb4</value>
         <object_component_ref idref="oc-11c"/>
      </symbol>
      <symbol id="sm-4c1">
         <name>msp430Flash_write_bytes</name>
         <value>0xe624</value>
         <object_component_ref idref="oc-1bf"/>
      </symbol>
      <symbol id="sm-4c2">
         <name>ProxyVectorTable</name>
         <value>0xefce</value>
         <object_component_ref idref="oc-2e"/>
      </symbol>
      <symbol id="sm-4c3">
         <name>otaBuf</name>
         <value>0x380</value>
         <object_component_ref idref="oc-12a"/>
      </symbol>
      <symbol id="sm-4c4">
         <name>thresholdTable</name>
         <value>0xef66</value>
         <object_component_ref idref="oc-33c"/>
      </symbol>
      <symbol id="sm-4c5">
         <name>gen_crc16_2buf</name>
         <value>0xdfde</value>
         <object_component_ref idref="oc-446"/>
      </symbol>
      <symbol id="sm-4c6">
         <name>gen_crc16</name>
         <value>0xe3fe</value>
         <object_component_ref idref="oc-2d9"/>
      </symbol>
      <symbol id="sm-4c7">
         <name>highMarkFlowRates</name>
         <value>0xef58</value>
         <object_component_ref idref="oc-34e"/>
      </symbol>
      <symbol id="sm-4c8">
         <name>storageMgr_getNextDailyLogToTransmit</name>
         <value>0xe7e4</value>
         <object_component_ref idref="oc-277"/>
      </symbol>
      <symbol id="sm-4c9">
         <name>dataMsgMgr_sendDataMsg</name>
         <value>0xea1e</value>
         <object_component_ref idref="oc-219"/>
      </symbol>
      <symbol id="sm-4ca">
         <name>modemCmd_exec</name>
         <value>0xe5a4</value>
         <object_component_ref idref="oc-161"/>
      </symbol>
      <symbol id="sm-4cb">
         <name>pad_sensors</name>
         <value>0xef08</value>
         <object_component_ref idref="oc-332"/>
      </symbol>
      <symbol id="sm-4cc">
         <name>watchdog_timer</name>
         <value>0xeeee</value>
         <object_component_ref idref="oc-7a"/>
      </symbol>
      <symbol id="sm-4cd">
         <name>main</name>
         <value>0xe524</value>
         <object_component_ref idref="oc-3a"/>
      </symbol>
      <symbol id="sm-4ce">
         <name>waterSense_clearStats</name>
         <value>0xeb1a</value>
         <object_component_ref idref="oc-13a"/>
      </symbol>
      <symbol id="sm-4cf">
         <name>storageMgr_prepareMsgHeader</name>
         <value>0xe84c</value>
         <object_component_ref idref="oc-184"/>
      </symbol>
      <symbol id="sm-4d0">
         <name>fassMsgMgr_exec</name>
         <value>0xda3a</value>
         <object_component_ref idref="oc-171"/>
      </symbol>
      <symbol id="sm-4d1">
         <name>isBcdMinSecValValid</name>
         <value>0xebdc</value>
         <object_component_ref idref="oc-4b6"/>
      </symbol>
      <symbol id="sm-4d2">
         <name>storageMgr_exec</name>
         <value>0xcf06</value>
         <object_component_ref idref="oc-15c"/>
      </symbol>
      <symbol id="sm-4d3">
         <name>modemCmd_read</name>
         <value>0xedb4</value>
         <object_component_ref idref="oc-2e1"/>
      </symbol>
      <symbol id="sm-4d4">
         <name>isrCommBuf</name>
         <value>0x350</value>
         <object_component_ref idref="oc-124"/>
      </symbol>
      <symbol id="sm-4d5">
         <name>storageMgr_setStorageAlignmentTime</name>
         <value>0xdc54</value>
         <object_component_ref idref="oc-426"/>
      </symbol>
      <symbol id="sm-4d6">
         <name>week1Log</name>
         <value>0xc000</value>
         <object_component_ref idref="oc-31f"/>
      </symbol>
      <symbol id="sm-4d7">
         <name>sysExec_startRebootCountdown</name>
         <value>0xec1a</value>
         <object_component_ref idref="oc-432"/>
      </symbol>
      <symbol id="sm-4d8">
         <name>dataMsgMgr_sendDailyLogs</name>
         <value>0xe70e</value>
         <object_component_ref idref="oc-21f"/>
      </symbol>
      <symbol id="sm-4d9">
         <name>TI_CTS_RO_PINOSC_TA0_WDTp_HAL</name>
         <value>0xdd4e</value>
         <object_component_ref idref="oc-334"/>
      </symbol>
      <symbol id="sm-4da">
         <name>waterSense_exec</name>
         <value>0xe2c6</value>
         <object_component_ref idref="oc-157"/>
      </symbol>
      <symbol id="sm-4db">
         <name>_system_pre_init</name>
         <value>0xeefc</value>
         <object_component_ref idref="oc-30"/>
      </symbol>
      <symbol id="sm-4dc">
         <name>ISR_Timer1_A0</name>
         <value>0xec90</value>
         <object_component_ref idref="oc-7f"/>
      </symbol>
      <symbol id="sm-4f1">
         <name>__TI_decompress_none</name>
         <value>0xeea2</value>
         <object_component_ref idref="oc-1c"/>
      </symbol>
      <symbol id="sm-511">
         <name>__TI_decompress_rle24</name>
         <value>0xeef6</value>
         <object_component_ref idref="oc-26"/>
      </symbol>
      <symbol id="sm-51e">
         <name>__TI_zero_init</name>
         <value>0xee7a</value>
         <object_component_ref idref="oc-21"/>
      </symbol>
      <symbol id="sm-51f">
         <name>__TI_exit</name>
         <value>0x1</value>
      </symbol>
      <symbol id="sm-520">
         <name>__TI_args_main</name>
         <value>0x1</value>
      </symbol>
      <symbol id="sm-521">
         <name>__TI_INITARRAY_Base</name>
         <value>0x0</value>
      </symbol>
      <symbol id="sm-522">
         <name>__TI_INITARRAY_Limit</name>
         <value>0x0</value>
      </symbol>
   </symbol_table>
   <title>Link successful</title>
</link_info>
