******************************************************************************
                  MSP430 Linker PC v4.2.1                      
******************************************************************************
>> Linked Sat Jul 25 11:26:48 2015

OUTPUT FILE NAME:   <outpour_Boot_MSP430.out>
ENTRY POINT SYMBOL: "_c_int00"  address: 0000ff3a


MEMORY CONFIGURATION

         name            origin    length      used     unused   attr    fill
----------------------  --------  ---------  --------  --------  ----  --------
  SFR                   00000000   00000010  00000000  00000010  RWIX
  PERIPHERALS_8BIT      00000010   000000f0  00000000  000000f0  RWIX
  PERIPHERALS_16BIT     00000100   00000100  00000000  00000100  RWIX
  RAM                   00000200   000001b0  0000017c  00000034  RWIX
  STACK                 000003b0   00000050  00000050  00000000  RWIX
  INFOD                 00001000   00000040  00000000  00000040  RWIX
  INFOC                 00001040   00000040  00000000  00000040  RWIX
  INFOB                 00001080   00000040  00000000  00000040  RWIX
  INFOA                 000010c0   00000040  00000000  00000040  RWIX
  FLASH                 0000f000   00000fe0  00000fe0  00000000  RWIX
  INT_VECTOR_TABLE      0000ffe0   0000001e  0000001e  00000000  RWIX
  RESET                 0000fffe   00000002  00000002  00000000  RWIX


SECTION ALLOCATION MAP

 output                                  attributes/
section   page    origin      length       input sections
--------  ----  ----------  ----------   ----------------
.init_array 
*          0    0000f000    00000000     UNINITIALIZED

.bss       0    00000200    00000068     UNINITIALIZED
                  00000200    00000024     (.common:otaData$2)
                  00000224    0000001e     (.common:mcData$5)
                  00000242    00000012     (.common:mwBatchData$3)
                  00000254    00000008     (.common:mlData)
                  0000025c    00000008     (.common:ramBlr$6)
                  00000264    00000004     (.common:sosDelayTicks$6)

.TI.noinit 
*          0    00000200    00000000     UNINITIALIZED

.data      0    00000268    00000004     UNINITIALIZED
                  00000268    00000004     time.obj (.data)

.TI.persistent 
*          0    00000268    00000000     UNINITIALIZED

.commbufs 
*          0    000002a0    00000110     UNINITIALIZED
                  000002a0    00000090     modemCmd.obj (.commbufs)
                  00000330    00000080     modemMgr.obj (.commbufs)

.stack     0    000003b0    00000050     UNINITIALIZED
                  000003b0    00000002     rts430_eabi.lib : boot.obj (.stack)
                  000003b2    0000004e     --HOLE--

.text      0    0000f000    00000fc6     
                  0000f000    000002b6     main.obj (.text:main)
                  0000f2b6    000001b8     modemMgr.obj (.text:modemMgr_stateMachine$3)
                  0000f46e    000001a6     msgOta.obj (.text:otaMsgMgr_stateMachine$2)
                  0000f614    00000188     modemCmd.obj (.text:modemCmd_write)
                  0000f79c    000000e6     msgOta.obj (.text:otaUpgrade_getSectionInfo$2)
                  0000f882    000000d8     modemLink.obj (.text:modemPowerUpStateMachine$4)
                  0000f95a    000000a4     msgOta.obj (.text:otaUpgrade_writeSectionData$2)
                  0000f9fe    0000009a     utils.obj (.text:gen_crc16)
                  0000fa98    00000092     modemCmd.obj (.text:modemCmdProcessRxMsg$5)
                  0000fb2a    00000078     flash.obj (.text:msp430Flash_write_bytes)
                  0000fba2    0000006c     msgOta.obj (.text:sendModemBatchCmd$2)
                  0000fc0e    0000005e     rts430_eabi.lib : copy_decompress_rle.obj (.text:__TI_decompress_rle_core)
                  0000fc6c    0000005e                     : autoinit.obj (.text:_auto_init)
                  0000fcca    0000005a     msgOta.obj (.text:otaUpgrade_start$2)
                  0000fd24    00000058     flash.obj (.text:msp430Flash_erase_segment)
                  0000fd7c    00000050     modemCmd.obj (.text:USCI0RX_ISR$5)
                  0000fdcc    00000050     main.obj (.text:low_power_12_hour_delay$6)
                  0000fe1c    0000004c     rts430_eabi.lib : lsr16.obj (.text)
                  0000fe68    0000003a     main.obj (.text:initBootloaderRecord$6)
                  0000fea2    0000002e     modemCmd.obj (.text:USCI0TX_ISR$5)
                  0000fed0    0000002c     modemCmd.obj (.text:modemCmdIsrRestart$5)
                  0000fefc    00000022     modemCmd.obj (.text:modemCmd_read)
                  0000ff1e    0000001c     modemLink.obj (.text:modemLink_restart)
                  0000ff3a    0000001a     rts430_eabi.lib : boot.obj (.text:_c_int00_noexit)
                  0000ff54    00000014                     : copy_zero_init.obj (.text:decompress:ZI:__TI_zero_init)
                  0000ff68    00000012                     : copy_decompress_none.obj (.text:decompress:none:__TI_decompress_none)
                  0000ff7a    00000012                     : memset.obj (.text:memset)
                  0000ff8c    00000010                     : memcpy.obj (.text:memcpy)
                  0000ff9c    00000010                     : epilog.obj (.text)
                  0000ffac    0000000c     time.obj (.text:ISR_Timer0_A0)
                  0000ffb8    00000006     rts430_eabi.lib : copy_decompress_rle.obj (.text:decompress:rle24:__TI_decompress_rle24)
                  0000ffbe    00000004                     : pre_init.obj (.text:_system_pre_init)
                  0000ffc2    00000004                     : exit.obj (.text:abort)

.cinit     0    0000ffc6    0000001a     
                  0000ffc6    00000008     (.cinit..data.load) [load image]
                  0000ffce    00000006     (__TI_handler_table)
                  0000ffd4    00000004     (.cinit..bss.load) [load image, compression = zero_init]
                  0000ffd8    00000008     (__TI_cinit_table)

.BOOT_VECTOR_TABLE 
*          0    0000ffe0    0000001e     
                  0000ffe0    0000001e     main.obj (.BOOT_VECTOR_TABLE:retain)

.reset     0    0000fffe    00000002     
                  0000fffe    00000002     rts430_eabi.lib : boot.obj (.reset)


LINKER GENERATED COPY TABLES

__TI_cinit_table @ 0000ffd8 records: 2, size/record: 4, table size: 8
	.data: load addr=0000ffc6, load size=00000008 bytes, run addr=00000268, run size=00000004 bytes, compression=copy
	.bss: load addr=0000ffd4, load size=00000004 bytes, run addr=00000200, run size=00000068 bytes, compression=zero_init


LINKER GENERATED HANDLER TABLE

__TI_handler_table @ 0000ffce records: 3, size/record: 2, table size: 6
	index: 0, handler: __TI_zero_init
	index: 1, handler: __TI_decompress_rle24
	index: 2, handler: __TI_decompress_none


GLOBAL SYMBOLS: SORTED ALPHABETICALLY BY Name 

address    name
--------   ----
0000004a   ADC10AE0
000001b0   ADC10CTL0
000001b2   ADC10CTL1
00000048   ADC10DTC0
00000049   ADC10DTC1
000001b4   ADC10MEM
000001bc   ADC10SA
00000057   BCSCTL1
00000058   BCSCTL2
00000053   BCSCTL3
0000ffc2   C$$EXIT
00000059   CACTL1
0000005a   CACTL2
000010fb   CALBC1_12MHZ
000010f9   CALBC1_16MHZ
000010ff   CALBC1_1MHZ
000010fd   CALBC1_8MHZ
000010fa   CALDCO_12MHZ
000010f8   CALDCO_16MHZ
000010fe   CALDCO_1MHZ
000010fc   CALDCO_8MHZ
0000005b   CAPD
00000056   DCOCTL
00000128   FCTL1
0000012a   FCTL2
0000012c   FCTL3
00000000   IE1
00000001   IE2
00000002   IFG1
00000003   IFG2
0000ffac   ISR_Timer0_A0
00000022   P1DIR
00000025   P1IE
00000024   P1IES
00000023   P1IFG
00000020   P1IN
00000021   P1OUT
00000027   P1REN
00000026   P1SEL
00000041   P1SEL2
0000002a   P2DIR
0000002d   P2IE
0000002c   P2IES
0000002b   P2IFG
00000028   P2IN
00000029   P2OUT
0000002f   P2REN
0000002e   P2SEL
00000042   P2SEL2
0000001a   P3DIR
00000018   P3IN
00000019   P3OUT
00000010   P3REN
0000001b   P3SEL
00000043   P3SEL2
00000172   TA0CCR0
00000174   TA0CCR1
00000176   TA0CCR2
00000162   TA0CCTL0
00000164   TA0CCTL1
00000166   TA0CCTL2
00000160   TA0CTL
0000012e   TA0IV
00000170   TA0R
00000192   TA1CCR0
00000194   TA1CCR1
00000196   TA1CCR2
00000182   TA1CCTL0
00000184   TA1CCTL1
00000186   TA1CCTL2
00000180   TA1CTL
0000011e   TA1IV
00000190   TA1R
0000005d   UCA0ABCTL
00000062   UCA0BR0
00000063   UCA0BR1
00000060   UCA0CTL0
00000061   UCA0CTL1
0000005f   UCA0IRRCTL
0000005e   UCA0IRTCTL
00000064   UCA0MCTL
00000066   UCA0RXBUF
00000065   UCA0STAT
00000067   UCA0TXBUF
0000006a   UCB0BR0
0000006b   UCB0BR1
00000068   UCB0CTL0
00000069   UCB0CTL1
0000006c   UCB0I2CIE
00000118   UCB0I2COA
0000011a   UCB0I2CSA
0000006e   UCB0RXBUF
0000006d   UCB0STAT
0000006f   UCB0TXBUF
0000ffe0   Vector_Table
00000120   WDTCTL
0000efff   _App_End
00003000   _App_Length
0000efce   _App_Proxy_Vector_Start
0000effe   _App_Reset_Vector
0000c000   _App_Start
0000fffe   __Boot_Reset
0000f000   __Boot_Start
0000ffe0   __Boot_VectorTable
0000ffff   __Flash_End
0000c000   __Flash_Start
00000400   __STACK_END
00000050   __STACK_SIZE
0000ffd8   __TI_CINIT_Base
0000ffe0   __TI_CINIT_Limit
0000ffce   __TI_Handler_Table_Base
0000ffd4   __TI_Handler_Table_Limit
UNDEFED    __TI_INITARRAY_Base
UNDEFED    __TI_INITARRAY_Limit
00000001   __TI_args_main
0000ff68   __TI_decompress_none
0000ffb8   __TI_decompress_rle24
00000001   __TI_exit
0000ff54   __TI_zero_init
ffffffff   __binit__
ffffffff   __c_args__
0000ffa8   __mspabi_func_epilog_1
0000ffa6   __mspabi_func_epilog_2
0000ffa4   __mspabi_func_epilog_3
0000ffa2   __mspabi_func_epilog_4
0000ffa0   __mspabi_func_epilog_5
0000ff9e   __mspabi_func_epilog_6
0000ff9c   __mspabi_func_epilog_7
0000fe1c   __mspabi_srli
0000fe62   __mspabi_srli_1
0000fe3e   __mspabi_srli_10
0000fe3a   __mspabi_srli_11
0000fe36   __mspabi_srli_12
0000fe32   __mspabi_srli_13
0000fe2e   __mspabi_srli_14
0000fe2a   __mspabi_srli_15
0000fe5e   __mspabi_srli_2
0000fe5a   __mspabi_srli_3
0000fe56   __mspabi_srli_4
0000fe52   __mspabi_srli_5
0000fe4e   __mspabi_srli_6
0000fe4a   __mspabi_srli_7
0000fe46   __mspabi_srli_8
0000fe42   __mspabi_srli_9
0000fc6c   _auto_init
0000ff3a   _c_int00
0000ff3a   _c_int00_noexit
0000fffe   _reset_vector
000003b0   _stack
0000ffbe   _system_pre_init
0000ffc2   abort
ffffffff   binit
0000f9fe   gen_crc16
000002a0   isrCommBuf
0000f000   main
0000ff8c   memcpy
0000ff7a   memset
00000254   mlData
0000fefc   modemCmd_read
0000f614   modemCmd_write
0000ff1e   modemLink_restart
0000fd24   msp430Flash_erase_segment
0000fb2a   msp430Flash_write_bytes


GLOBAL SYMBOLS: SORTED BY Symbol Address 

address    name
--------   ----
00000000   IE1
00000001   IE2
00000001   __TI_args_main
00000001   __TI_exit
00000002   IFG1
00000003   IFG2
00000010   P3REN
00000018   P3IN
00000019   P3OUT
0000001a   P3DIR
0000001b   P3SEL
00000020   P1IN
00000021   P1OUT
00000022   P1DIR
00000023   P1IFG
00000024   P1IES
00000025   P1IE
00000026   P1SEL
00000027   P1REN
00000028   P2IN
00000029   P2OUT
0000002a   P2DIR
0000002b   P2IFG
0000002c   P2IES
0000002d   P2IE
0000002e   P2SEL
0000002f   P2REN
00000041   P1SEL2
00000042   P2SEL2
00000043   P3SEL2
00000048   ADC10DTC0
00000049   ADC10DTC1
0000004a   ADC10AE0
00000050   __STACK_SIZE
00000053   BCSCTL3
00000056   DCOCTL
00000057   BCSCTL1
00000058   BCSCTL2
00000059   CACTL1
0000005a   CACTL2
0000005b   CAPD
0000005d   UCA0ABCTL
0000005e   UCA0IRTCTL
0000005f   UCA0IRRCTL
00000060   UCA0CTL0
00000061   UCA0CTL1
00000062   UCA0BR0
00000063   UCA0BR1
00000064   UCA0MCTL
00000065   UCA0STAT
00000066   UCA0RXBUF
00000067   UCA0TXBUF
00000068   UCB0CTL0
00000069   UCB0CTL1
0000006a   UCB0BR0
0000006b   UCB0BR1
0000006c   UCB0I2CIE
0000006d   UCB0STAT
0000006e   UCB0RXBUF
0000006f   UCB0TXBUF
00000118   UCB0I2COA
0000011a   UCB0I2CSA
0000011e   TA1IV
00000120   WDTCTL
00000128   FCTL1
0000012a   FCTL2
0000012c   FCTL3
0000012e   TA0IV
00000160   TA0CTL
00000162   TA0CCTL0
00000164   TA0CCTL1
00000166   TA0CCTL2
00000170   TA0R
00000172   TA0CCR0
00000174   TA0CCR1
00000176   TA0CCR2
00000180   TA1CTL
00000182   TA1CCTL0
00000184   TA1CCTL1
00000186   TA1CCTL2
00000190   TA1R
00000192   TA1CCR0
00000194   TA1CCR1
00000196   TA1CCR2
000001b0   ADC10CTL0
000001b2   ADC10CTL1
000001b4   ADC10MEM
000001bc   ADC10SA
00000254   mlData
000002a0   isrCommBuf
000003b0   _stack
00000400   __STACK_END
000010f8   CALDCO_16MHZ
000010f9   CALBC1_16MHZ
000010fa   CALDCO_12MHZ
000010fb   CALBC1_12MHZ
000010fc   CALDCO_8MHZ
000010fd   CALBC1_8MHZ
000010fe   CALDCO_1MHZ
000010ff   CALBC1_1MHZ
00003000   _App_Length
0000c000   _App_Start
0000c000   __Flash_Start
0000efce   _App_Proxy_Vector_Start
0000effe   _App_Reset_Vector
0000efff   _App_End
0000f000   __Boot_Start
0000f000   main
0000f614   modemCmd_write
0000f9fe   gen_crc16
0000fb2a   msp430Flash_write_bytes
0000fc6c   _auto_init
0000fd24   msp430Flash_erase_segment
0000fe1c   __mspabi_srli
0000fe2a   __mspabi_srli_15
0000fe2e   __mspabi_srli_14
0000fe32   __mspabi_srli_13
0000fe36   __mspabi_srli_12
0000fe3a   __mspabi_srli_11
0000fe3e   __mspabi_srli_10
0000fe42   __mspabi_srli_9
0000fe46   __mspabi_srli_8
0000fe4a   __mspabi_srli_7
0000fe4e   __mspabi_srli_6
0000fe52   __mspabi_srli_5
0000fe56   __mspabi_srli_4
0000fe5a   __mspabi_srli_3
0000fe5e   __mspabi_srli_2
0000fe62   __mspabi_srli_1
0000fefc   modemCmd_read
0000ff1e   modemLink_restart
0000ff3a   _c_int00
0000ff3a   _c_int00_noexit
0000ff54   __TI_zero_init
0000ff68   __TI_decompress_none
0000ff7a   memset
0000ff8c   memcpy
0000ff9c   __mspabi_func_epilog_7
0000ff9e   __mspabi_func_epilog_6
0000ffa0   __mspabi_func_epilog_5
0000ffa2   __mspabi_func_epilog_4
0000ffa4   __mspabi_func_epilog_3
0000ffa6   __mspabi_func_epilog_2
0000ffa8   __mspabi_func_epilog_1
0000ffac   ISR_Timer0_A0
0000ffb8   __TI_decompress_rle24
0000ffbe   _system_pre_init
0000ffc2   C$$EXIT
0000ffc2   abort
0000ffce   __TI_Handler_Table_Base
0000ffd4   __TI_Handler_Table_Limit
0000ffd8   __TI_CINIT_Base
0000ffe0   Vector_Table
0000ffe0   __Boot_VectorTable
0000ffe0   __TI_CINIT_Limit
0000fffe   __Boot_Reset
0000fffe   _reset_vector
0000ffff   __Flash_End
ffffffff   __binit__
ffffffff   __c_args__
ffffffff   binit
UNDEFED    __TI_INITARRAY_Base
UNDEFED    __TI_INITARRAY_Limit

[163 symbols]
